Archive member included to satisfy reference by file (symbol)

c:/st/stm32cubeide_1.8.0/stm32cubeide/plugins/com.st.stm32cube.ide.mcu.externaltools.gnu-tools-for-stm32.10.3-2021.10.win32_1.0.0.202111181127/tools/bin/../lib/gcc/arm-none-eabi/10.3.1/../../../../arm-none-eabi/lib/thumb/v7e-m+fp/hard\libc_nano.a(lib_a-exit.o)
                              c:/st/stm32cubeide_1.8.0/stm32cubeide/plugins/com.st.stm32cube.ide.mcu.externaltools.gnu-tools-for-stm32.10.3-2021.10.win32_1.0.0.202111181127/tools/bin/../lib/gcc/arm-none-eabi/10.3.1/../../../../arm-none-eabi/lib/thumb/v7e-m+fp/hard/crt0.o (exit)
c:/st/stm32cubeide_1.8.0/stm32cubeide/plugins/com.st.stm32cube.ide.mcu.externaltools.gnu-tools-for-stm32.10.3-2021.10.win32_1.0.0.202111181127/tools/bin/../lib/gcc/arm-none-eabi/10.3.1/../../../../arm-none-eabi/lib/thumb/v7e-m+fp/hard\libc_nano.a(lib_a-impure.o)
                              c:/st/stm32cubeide_1.8.0/stm32cubeide/plugins/com.st.stm32cube.ide.mcu.externaltools.gnu-tools-for-stm32.10.3-2021.10.win32_1.0.0.202111181127/tools/bin/../lib/gcc/arm-none-eabi/10.3.1/../../../../arm-none-eabi/lib/thumb/v7e-m+fp/hard\libc_nano.a(lib_a-exit.o) (_global_impure_ptr)
c:/st/stm32cubeide_1.8.0/stm32cubeide/plugins/com.st.stm32cube.ide.mcu.externaltools.gnu-tools-for-stm32.10.3-2021.10.win32_1.0.0.202111181127/tools/bin/../lib/gcc/arm-none-eabi/10.3.1/../../../../arm-none-eabi/lib/thumb/v7e-m+fp/hard\libc_nano.a(lib_a-init.o)
                              c:/st/stm32cubeide_1.8.0/stm32cubeide/plugins/com.st.stm32cube.ide.mcu.externaltools.gnu-tools-for-stm32.10.3-2021.10.win32_1.0.0.202111181127/tools/bin/../lib/gcc/arm-none-eabi/10.3.1/../../../../arm-none-eabi/lib/thumb/v7e-m+fp/hard/crt0.o (__libc_init_array)
c:/st/stm32cubeide_1.8.0/stm32cubeide/plugins/com.st.stm32cube.ide.mcu.externaltools.gnu-tools-for-stm32.10.3-2021.10.win32_1.0.0.202111181127/tools/bin/../lib/gcc/arm-none-eabi/10.3.1/../../../../arm-none-eabi/lib/thumb/v7e-m+fp/hard\libc_nano.a(lib_a-memset.o)
                              c:/st/stm32cubeide_1.8.0/stm32cubeide/plugins/com.st.stm32cube.ide.mcu.externaltools.gnu-tools-for-stm32.10.3-2021.10.win32_1.0.0.202111181127/tools/bin/../lib/gcc/arm-none-eabi/10.3.1/../../../../arm-none-eabi/lib/thumb/v7e-m+fp/hard/crt0.o (memset)
c:/st/stm32cubeide_1.8.0/stm32cubeide/plugins/com.st.stm32cube.ide.mcu.externaltools.gnu-tools-for-stm32.10.3-2021.10.win32_1.0.0.202111181127/tools/bin/../lib/gcc/arm-none-eabi/10.3.1/../../../../arm-none-eabi/lib/thumb/v7e-m+fp/hard\libc_nano.a(lib_a-strlen.o)
                              ./src/tiny_printf.o (strlen)
c:/st/stm32cubeide_1.8.0/stm32cubeide/plugins/com.st.stm32cube.ide.mcu.externaltools.gnu-tools-for-stm32.10.3-2021.10.win32_1.0.0.202111181127/tools/bin/../lib/gcc/arm-none-eabi/10.3.1/../../../../arm-none-eabi/lib/thumb/v7e-m+fp/hard\libnosys.a(write.o)
                              ./src/tiny_printf.o (_write)
c:/st/stm32cubeide_1.8.0/stm32cubeide/plugins/com.st.stm32cube.ide.mcu.externaltools.gnu-tools-for-stm32.10.3-2021.10.win32_1.0.0.202111181127/tools/bin/../lib/gcc/arm-none-eabi/10.3.1/../../../../arm-none-eabi/lib/thumb/v7e-m+fp/hard\libnosys.a(_exit.o)
                              c:/st/stm32cubeide_1.8.0/stm32cubeide/plugins/com.st.stm32cube.ide.mcu.externaltools.gnu-tools-for-stm32.10.3-2021.10.win32_1.0.0.202111181127/tools/bin/../lib/gcc/arm-none-eabi/10.3.1/../../../../arm-none-eabi/lib/thumb/v7e-m+fp/hard\libc_nano.a(lib_a-exit.o) (_exit)
c:/st/stm32cubeide_1.8.0/stm32cubeide/plugins/com.st.stm32cube.ide.mcu.externaltools.gnu-tools-for-stm32.10.3-2021.10.win32_1.0.0.202111181127/tools/bin/../lib/gcc/arm-none-eabi/10.3.1/../../../../arm-none-eabi/lib/thumb/v7e-m+fp/hard\libnosys.a(errno.o)
                              c:/st/stm32cubeide_1.8.0/stm32cubeide/plugins/com.st.stm32cube.ide.mcu.externaltools.gnu-tools-for-stm32.10.3-2021.10.win32_1.0.0.202111181127/tools/bin/../lib/gcc/arm-none-eabi/10.3.1/../../../../arm-none-eabi/lib/thumb/v7e-m+fp/hard\libnosys.a(write.o) (errno)

Discarded input sections

 .text          0x0000000000000000        0x0 c:/st/stm32cubeide_1.8.0/stm32cubeide/plugins/com.st.stm32cube.ide.mcu.externaltools.gnu-tools-for-stm32.10.3-2021.10.win32_1.0.0.202111181127/tools/bin/../lib/gcc/arm-none-eabi/10.3.1/thumb/v7e-m+fp/hard/crti.o
 .data          0x0000000000000000        0x0 c:/st/stm32cubeide_1.8.0/stm32cubeide/plugins/com.st.stm32cube.ide.mcu.externaltools.gnu-tools-for-stm32.10.3-2021.10.win32_1.0.0.202111181127/tools/bin/../lib/gcc/arm-none-eabi/10.3.1/thumb/v7e-m+fp/hard/crti.o
 .bss           0x0000000000000000        0x0 c:/st/stm32cubeide_1.8.0/stm32cubeide/plugins/com.st.stm32cube.ide.mcu.externaltools.gnu-tools-for-stm32.10.3-2021.10.win32_1.0.0.202111181127/tools/bin/../lib/gcc/arm-none-eabi/10.3.1/thumb/v7e-m+fp/hard/crti.o
[...]
Memory Configuration

Name             Origin             Length             Attributes
FLASH            0x0000000008000000 0x0000000000100000 xr
RAM              0x0000000020000000 0x0000000000020000 xrw
MEMORY_B1        0x0000000060000000 0x0000000000000000 xr
CCMRAM           0x0000000010000000 0x0000000000010000 rw
*default*        0x0000000000000000 0xffffffffffffffff

Linker script and memory map

LOAD c:/st/stm32cubeide_1.8.0/stm32cubeide/plugins/com.st.stm32cube.ide.mcu.externaltools.gnu-tools-for-stm32.10.3-2021.10.win32_1.0.0.202111181127/tools/bin/../lib/gcc/arm-none-eabi/10.3.1/thumb/v7e-m+fp/hard/crti.o
LOAD c:/st/stm32cubeide_1.8.0/stm32cubeide/plugins/com.st.stm32cube.ide.mcu.externaltools.gnu-tools-for-stm32.10.3-2021.10.win32_1.0.0.202111181127/tools/bin/../lib/gcc/arm-none-eabi/10.3.1/thumb/v7e-m+fp/hard/crtbegin.o
LOAD c:/st/stm32cubeide_1.8.0/stm32cubeide/plugins/com.st.stm32cube.ide.mcu.externaltools.gnu-tools-for-stm32.10.3-2021.10.win32_1.0.0.202111181127/tools/bin/../lib/gcc/arm-none-eabi/10.3.1/../../../../arm-none-eabi/lib/thumb/v7e-m+fp/hard/crt0.o
LOAD ./Libraries/STM32F4xx_StdPeriph_Driver/src/misc.o
LOAD ./Libraries/STM32F4xx_StdPeriph_Driver/src/stm32f4xx_adc.o
LOAD ./Libraries/STM32F4xx_StdPeriph_Driver/src/stm32f4xx_can.o
LOAD ./Libraries/STM32F4xx_StdPeriph_Driver/src/stm32f4xx_crc.o
LOAD ./Libraries/STM32F4xx_StdPeriph_Driver/src/stm32f4xx_cryp.o
LOAD ./Libraries/STM32F4xx_StdPeriph_Driver/src/stm32f4xx_cryp_aes.o
LOAD ./Libraries/STM32F4xx_StdPeriph_Driver/src/stm32f4xx_cryp_des.o
LOAD ./Libraries/STM32F4xx_StdPeriph_Driver/src/stm32f4xx_cryp_tdes.o
LOAD ./Libraries/STM32F4xx_StdPeriph_Driver/src/stm32f4xx_dac.o
LOAD ./Libraries/STM32F4xx_StdPeriph_Driver/src/stm32f4xx_dbgmcu.o
LOAD ./Libraries/STM32F4xx_StdPeriph_Driver/src/stm32f4xx_dcmi.o
LOAD ./Libraries/STM32F4xx_StdPeriph_Driver/src/stm32f4xx_dma.o
LOAD ./Libraries/STM32F4xx_StdPeriph_Driver/src/stm32f4xx_exti.o
LOAD ./Libraries/STM32F4xx_StdPeriph_Driver/src/stm32f4xx_flash.o
LOAD ./Libraries/STM32F4xx_StdPeriph_Driver/src/stm32f4xx_fsmc.o
LOAD ./Libraries/STM32F4xx_StdPeriph_Driver/src/stm32f4xx_gpio.o
LOAD ./Libraries/STM32F4xx_StdPeriph_Driver/src/stm32f4xx_hash.o
LOAD ./Libraries/STM32F4xx_StdPeriph_Driver/src/stm32f4xx_hash_md5.o
LOAD ./Libraries/STM32F4xx_StdPeriph_Driver/src/stm32f4xx_hash_sha1.o
LOAD ./Libraries/STM32F4xx_StdPeriph_Driver/src/stm32f4xx_i2c.o
LOAD ./Libraries/STM32F4xx_StdPeriph_Driver/src/stm32f4xx_iwdg.o
LOAD ./Libraries/STM32F4xx_StdPeriph_Driver/src/stm32f4xx_pwr.o
LOAD ./Libraries/STM32F4xx_StdPeriph_Driver/src/stm32f4xx_rcc.o
LOAD ./Libraries/STM32F4xx_StdPeriph_Driver/src/stm32f4xx_rng.o
LOAD ./Libraries/STM32F4xx_StdPeriph_Driver/src/stm32f4xx_rtc.o
LOAD ./Libraries/STM32F4xx_StdPeriph_Driver/src/stm32f4xx_sdio.o
LOAD ./Libraries/STM32F4xx_StdPeriph_Driver/src/stm32f4xx_spi.o
LOAD ./Libraries/STM32F4xx_StdPeriph_Driver/src/stm32f4xx_syscfg.o
LOAD ./Libraries/STM32F4xx_StdPeriph_Driver/src/stm32f4xx_tim.o
LOAD ./Libraries/STM32F4xx_StdPeriph_Driver/src/stm32f4xx_usart.o
LOAD ./Libraries/STM32F4xx_StdPeriph_Driver/src/stm32f4xx_wwdg.o
LOAD ./src/main.o
LOAD ./src/startup_stm32f40xx.o
LOAD ./src/stm32f4xx_it.o
LOAD ./src/system_stm32f4xx.o
LOAD ./src/tiny_printf.o
START GROUP
LOAD c:/st/stm32cubeide_1.8.0/stm32cubeide/plugins/com.st.stm32cube.ide.mcu.externaltools.gnu-tools-for-stm32.10.3-2021.10.win32_1.0.0.202111181127/tools/bin/../lib/gcc/arm-none-eabi/10.3.1/../../../../arm-none-eabi/lib/thumb/v7e-m+fp/hard\libc_nano.a
LOAD c:/st/stm32cubeide_1.8.0/stm32cubeide/plugins/com.st.stm32cube.ide.mcu.externaltools.gnu-tools-for-stm32.10.3-2021.10.win32_1.0.0.202111181127/tools/bin/../lib/gcc/arm-none-eabi/10.3.1/../../../../arm-none-eabi/lib/thumb/v7e-m+fp/hard\libm.a
END GROUP
START GROUP
LOAD c:/st/stm32cubeide_1.8.0/stm32cubeide/plugins/com.st.stm32cube.ide.mcu.externaltools.gnu-tools-for-stm32.10.3-2021.10.win32_1.0.0.202111181127/tools/bin/../lib/gcc/arm-none-eabi/10.3.1/thumb/v7e-m+fp/hard\libgcc.a
LOAD c:/st/stm32cubeide_1.8.0/stm32cubeide/plugins/com.st.stm32cube.ide.mcu.externaltools.gnu-tools-for-stm32.10.3-2021.10.win32_1.0.0.202111181127/tools/bin/../lib/gcc/arm-none-eabi/10.3.1/../../../../arm-none-eabi/lib/thumb/v7e-m+fp/hard\libc_nano.a
END GROUP
START GROUP
LOAD c:/st/stm32cubeide_1.8.0/stm32cubeide/plugins/com.st.stm32cube.ide.mcu.externaltools.gnu-tools-for-stm32.10.3-2021.10.win32_1.0.0.202111181127/tools/bin/../lib/gcc/arm-none-eabi/10.3.1/thumb/v7e-m+fp/hard\libgcc.a
LOAD c:/st/stm32cubeide_1.8.0/stm32cubeide/plugins/com.st.stm32cube.ide.mcu.externaltools.gnu-tools-for-stm32.10.3-2021.10.win32_1.0.0.202111181127/tools/bin/../lib/gcc/arm-none-eabi/10.3.1/../../../../arm-none-eabi/lib/thumb/v7e-m+fp/hard\libc_nano.a
LOAD c:/st/stm32cubeide_1.8.0/stm32cubeide/plugins/com.st.stm32cube.ide.mcu.externaltools.gnu-tools-for-stm32.10.3-2021.10.win32_1.0.0.202111181127/tools/bin/../lib/gcc/arm-none-eabi/10.3.1/../../../../arm-none-eabi/lib/thumb/v7e-m+fp/hard\libnosys.a
END GROUP
START GROUP
LOAD c:/st/stm32cubeide_1.8.0/stm32cubeide/plugins/com.st.stm32cube.ide.mcu.externaltools.gnu-tools-for-stm32.10.3-2021.10.win32_1.0.0.202111181127/tools/bin/../lib/gcc/arm-none-eabi/10.3.1/thumb/v7e-m+fp/hard\libgcc.a
LOAD c:/st/stm32cubeide_1.8.0/stm32cubeide/plugins/com.st.stm32cube.ide.mcu.externaltools.gnu-tools-for-stm32.10.3-2021.10.win32_1.0.0.202111181127/tools/bin/../lib/gcc/arm-none-eabi/10.3.1/../../../../arm-none-eabi/lib/thumb/v7e-m+fp/hard\libc_nano.a
LOAD c:/st/stm32cubeide_1.8.0/stm32cubeide/plugins/com.st.stm32cube.ide.mcu.externaltools.gnu-tools-for-stm32.10.3-2021.10.win32_1.0.0.202111181127/tools/bin/../lib/gcc/arm-none-eabi/10.3.1/../../../../arm-none-eabi/lib/thumb/v7e-m+fp/hard\libnosys.a
END GROUP
LOAD c:/st/stm32cubeide_1.8.0/stm32cubeide/plugins/com.st.stm32cube.ide.mcu.externaltools.gnu-tools-for-stm32.10.3-2021.10.win32_1.0.0.202111181127/tools/bin/../lib/gcc/arm-none-eabi/10.3.1/thumb/v7e-m+fp/hard/crtend.o
LOAD c:/st/stm32cubeide_1.8.0/stm32cubeide/plugins/com.st.stm32cube.ide.mcu.externaltools.gnu-tools-for-stm32.10.3-2021.10.win32_1.0.0.202111181127/tools/bin/../lib/gcc/arm-none-eabi/10.3.1/thumb/v7e-m+fp/hard/crtn.o
                0x0000000020020000                _estack = 0x20020000
                0x0000000000000000                _Min_Heap_Size = 0x0
                0x0000000000000400                _Min_Stack_Size = 0x400

.isr_vector     0x0000000008000000      0x188
                0x0000000008000000                . = ALIGN (0x4)
 *(.isr_vector)
 .isr_vector    0x0000000008000000      0x188 ./src/startup_stm32f40xx.o
                0x0000000008000000                g_pfnVectors
                0x0000000008000188                . = ALIGN (0x4)

.text           0x0000000008000188     0x1650
                0x0000000008000188                . = ALIGN (0x4)
 *(.text)
 .text          0x0000000008000188       0x40 c:/st/stm32cubeide_1.8.0/stm32cubeide/plugins/com.st.stm32cube.ide.mcu.externaltools.gnu-tools-for-stm32.10.3-2021.10.win32_1.0.0.202111181127/tools/bin/../lib/gcc/arm-none-eabi/10.3.1/thumb/v7e-m+fp/hard/crtbegin.o
 *(.text*)
 .text.NVIC_Init
                0x00000000080001c8       0xc4 ./Libraries/STM32F4xx_StdPeriph_Driver/src/misc.o
                0x00000000080001c8                NVIC_Init
 .text.CAN_DeInit
                0x000000000800028c       0x48 ./Libraries/STM32F4xx_StdPeriph_Driver/src/stm32f4xx_can.o
                0x000000000800028c                CAN_DeInit
 .text.CAN_Init
                0x00000000080002d4      0x1a2 ./Libraries/STM32F4xx_StdPeriph_Driver/src/stm32f4xx_can.o
                0x00000000080002d4                CAN_Init
 *fill*         0x0000000008000476        0x2 
 .text.CAN_FilterInit
                0x0000000008000478      0x184 ./Libraries/STM32F4xx_StdPeriph_Driver/src/stm32f4xx_can.o
                0x0000000008000478                CAN_FilterInit
 .text.CAN_Transmit
                0x00000000080005fc      0x1a2 ./Libraries/STM32F4xx_StdPeriph_Driver/src/stm32f4xx_can.o
                0x00000000080005fc                CAN_Transmit
 .text.CAN_Receive
                0x000000000800079e      0x17c ./Libraries/STM32F4xx_StdPeriph_Driver/src/stm32f4xx_can.o
                0x000000000800079e                CAN_Receive
 .text.CAN_ITConfig
                0x000000000800091a       0x3c ./Libraries/STM32F4xx_StdPeriph_Driver/src/stm32f4xx_can.o
                0x000000000800091a                CAN_ITConfig
 .text.CAN_GetFlagStatus
                0x0000000008000956       0xce ./Libraries/STM32F4xx_StdPeriph_Driver/src/stm32f4xx_can.o
                0x0000000008000956                CAN_GetFlagStatus
 .text.CAN_ClearITPendingBit
                0x0000000008000a24      0x1b8 ./Libraries/STM32F4xx_StdPeriph_Driver/src/stm32f4xx_can.o
                0x0000000008000a24                CAN_ClearITPendingBit
 .text.EXTI_Init
                0x0000000008000bdc       0xe4 ./Libraries/STM32F4xx_StdPeriph_Driver/src/stm32f4xx_exti.o
                0x0000000008000bdc                EXTI_Init
 .text.EXTI_GetFlagStatus
                0x0000000008000cc0       0x34 ./Libraries/STM32F4xx_StdPeriph_Driver/src/stm32f4xx_exti.o
                0x0000000008000cc0                EXTI_GetFlagStatus
 .text.EXTI_ClearITPendingBit
                0x0000000008000cf4       0x20 ./Libraries/STM32F4xx_StdPeriph_Driver/src/stm32f4xx_exti.o
                0x0000000008000cf4                EXTI_ClearITPendingBit
 .text.GPIO_Init
                0x0000000008000d14      0x11e ./Libraries/STM32F4xx_StdPeriph_Driver/src/stm32f4xx_gpio.o
                0x0000000008000d14                GPIO_Init
 .text.GPIO_ToggleBits
                0x0000000008000e32       0x24 ./Libraries/STM32F4xx_StdPeriph_Driver/src/stm32f4xx_gpio.o
                0x0000000008000e32                GPIO_ToggleBits
 .text.GPIO_PinAFConfig
                0x0000000008000e56       0x92 ./Libraries/STM32F4xx_StdPeriph_Driver/src/stm32f4xx_gpio.o
                0x0000000008000e56                GPIO_PinAFConfig
 .text.RCC_AHB1PeriphClockCmd
                0x0000000008000ee8       0x40 ./Libraries/STM32F4xx_StdPeriph_Driver/src/stm32f4xx_rcc.o
                0x0000000008000ee8                RCC_AHB1PeriphClockCmd
 .text.RCC_APB1PeriphClockCmd
                0x0000000008000f28       0x40 ./Libraries/STM32F4xx_StdPeriph_Driver/src/stm32f4xx_rcc.o
                0x0000000008000f28                RCC_APB1PeriphClockCmd
 .text.RCC_APB2PeriphClockCmd
                0x0000000008000f68       0x40 ./Libraries/STM32F4xx_StdPeriph_Driver/src/stm32f4xx_rcc.o
                0x0000000008000f68                RCC_APB2PeriphClockCmd
 .text.RCC_APB1PeriphResetCmd
                0x0000000008000fa8       0x40 ./Libraries/STM32F4xx_StdPeriph_Driver/src/stm32f4xx_rcc.o
                0x0000000008000fa8                RCC_APB1PeriphResetCmd
 .text.SYSCFG_EXTILineConfig
                0x0000000008000fe8       0x84 ./Libraries/STM32F4xx_StdPeriph_Driver/src/stm32f4xx_syscfg.o
                0x0000000008000fe8                SYSCFG_EXTILineConfig
 .text.TIM_TimeBaseInit
                0x000000000800106c       0xd8 ./Libraries/STM32F4xx_StdPeriph_Driver/src/stm32f4xx_tim.o
                0x000000000800106c                TIM_TimeBaseInit
 .text.TIM_Cmd  0x0000000008001144       0x40 ./Libraries/STM32F4xx_StdPeriph_Driver/src/stm32f4xx_tim.o
                0x0000000008001144                TIM_Cmd
 .text.TIM_ITConfig
                0x0000000008001184       0x48 ./Libraries/STM32F4xx_StdPeriph_Driver/src/stm32f4xx_tim.o
                0x0000000008001184                TIM_ITConfig
 .text.TIM_ClearITPendingBit
                0x00000000080011cc       0x22 ./Libraries/STM32F4xx_StdPeriph_Driver/src/stm32f4xx_tim.o
                0x00000000080011cc                TIM_ClearITPendingBit
 .text.main     0x00000000080011ee       0x1e ./src/main.o
                0x00000000080011ee                main
 .text.CAN1_RX0_IRQHandler
                0x000000000800120c       0x88 ./src/main.o
                0x000000000800120c                CAN1_RX0_IRQHandler
 .text.TIM1_UP_TIM10_IRQHandler
                0x0000000008001294       0x68 ./src/main.o
                0x0000000008001294                TIM1_UP_TIM10_IRQHandler
 .text.EXTI0_IRQHandler
                0x00000000080012fc       0x58 ./src/main.o
                0x00000000080012fc                EXTI0_IRQHandler
 .text.initCAN  0x0000000008001354       0xf0 ./src/main.o
                0x0000000008001354                initCAN
 .text.initTIM10
                0x0000000008001444       0x68 ./src/main.o
                0x0000000008001444                initTIM10
 .text.initButton
                0x00000000080014ac       0x80 ./src/main.o
                0x00000000080014ac                initButton
 .text.initLED  0x000000000800152c       0x3c ./src/main.o
                0x000000000800152c                initLED
 .text.Reset_Handler
                0x0000000008001568       0x50 ./src/startup_stm32f40xx.o
                0x0000000008001568                Reset_Handler
 .text.Default_Handler
                0x00000000080015b8        0x2 ./src/startup_stm32f40xx.o
                0x00000000080015b8                RTC_Alarm_IRQHandler
                0x00000000080015b8                HASH_RNG_IRQHandler
                0x00000000080015b8                EXTI2_IRQHandler
                0x00000000080015b8                TIM8_CC_IRQHandler
                0x00000000080015b8                TIM1_CC_IRQHandler
                0x00000000080015b8                DMA2_Stream5_IRQHandler
                0x00000000080015b8                DMA1_Stream5_IRQHandler
                0x00000000080015b8                PVD_IRQHandler
                0x00000000080015b8                SDIO_IRQHandler
                0x00000000080015b8                TAMP_STAMP_IRQHandler
                0x00000000080015b8                CAN2_RX1_IRQHandler
                0x00000000080015b8                EXTI3_IRQHandler
                0x00000000080015b8                TIM8_TRG_COM_TIM14_IRQHandler
                0x00000000080015b8                TIM8_UP_TIM13_IRQHandler
                0x00000000080015b8                I2C3_ER_IRQHandler
                0x00000000080015b8                I2C2_EV_IRQHandler
                0x00000000080015b8                DMA1_Stream2_IRQHandler
                0x00000000080015b8                FPU_IRQHandler
                0x00000000080015b8                OTG_HS_WKUP_IRQHandler
                0x00000000080015b8                CAN2_SCE_IRQHandler
                0x00000000080015b8                DMA2_Stream2_IRQHandler
                0x00000000080015b8                SPI1_IRQHandler
                0x00000000080015b8                TIM6_DAC_IRQHandler
                0x00000000080015b8                TIM1_BRK_TIM9_IRQHandler
                0x00000000080015b8                DCMI_IRQHandler
                0x00000000080015b8                CAN2_RX0_IRQHandler
                0x00000000080015b8                DMA2_Stream3_IRQHandler
                0x00000000080015b8                USART6_IRQHandler
                0x00000000080015b8                USART3_IRQHandler
                0x00000000080015b8                CRYP_IRQHandler
                0x00000000080015b8                CAN1_RX1_IRQHandler
                0x00000000080015b8                UART5_IRQHandler
                0x00000000080015b8                DMA2_Stream0_IRQHandler
                0x00000000080015b8                TIM4_IRQHandler
                0x00000000080015b8                I2C1_EV_IRQHandler
                0x00000000080015b8                DMA1_Stream6_IRQHandler
                0x00000000080015b8                DMA1_Stream1_IRQHandler
                0x00000000080015b8                UART4_IRQHandler
                0x00000000080015b8                TIM3_IRQHandler
                0x00000000080015b8                RCC_IRQHandler
                0x00000000080015b8                TIM8_BRK_TIM12_IRQHandler
                0x00000000080015b8                Default_Handler
                0x00000000080015b8                EXTI15_10_IRQHandler
                0x00000000080015b8                ADC_IRQHandler
                0x00000000080015b8                DMA1_Stream7_IRQHandler
                0x00000000080015b8                TIM7_IRQHandler
                0x00000000080015b8                CAN2_TX_IRQHandler
                0x00000000080015b8                TIM5_IRQHandler
                0x00000000080015b8                DMA2_Stream7_IRQHandler
                0x00000000080015b8                I2C3_EV_IRQHandler
                0x00000000080015b8                EXTI9_5_IRQHandler
                0x00000000080015b8                RTC_WKUP_IRQHandler
                0x00000000080015b8                ETH_WKUP_IRQHandler
                0x00000000080015b8                SPI2_IRQHandler
                0x00000000080015b8                OTG_HS_EP1_IN_IRQHandler
                0x00000000080015b8                DMA1_Stream0_IRQHandler
                0x00000000080015b8                CAN1_TX_IRQHandler
                0x00000000080015b8                EXTI4_IRQHandler
                0x00000000080015b8                FSMC_IRQHandler
                0x00000000080015b8                ETH_IRQHandler
                0x00000000080015b8                OTG_HS_EP1_OUT_IRQHandler
                0x00000000080015b8                WWDG_IRQHandler
                0x00000000080015b8                TIM2_IRQHandler
                0x00000000080015b8                OTG_FS_WKUP_IRQHandler
                0x00000000080015b8                TIM1_TRG_COM_TIM11_IRQHandler
                0x00000000080015b8                OTG_HS_IRQHandler
                0x00000000080015b8                EXTI1_IRQHandler
                0x00000000080015b8                USART2_IRQHandler
                0x00000000080015b8                I2C2_ER_IRQHandler
                0x00000000080015b8                DMA2_Stream1_IRQHandler
                0x00000000080015b8                CAN1_SCE_IRQHandler
                0x00000000080015b8                FLASH_IRQHandler
                0x00000000080015b8                DMA2_Stream4_IRQHandler
                0x00000000080015b8                USART1_IRQHandler
                0x00000000080015b8                OTG_FS_IRQHandler
                0x00000000080015b8                SPI3_IRQHandler
                0x00000000080015b8                DMA1_Stream4_IRQHandler
                0x00000000080015b8                I2C1_ER_IRQHandler
                0x00000000080015b8                DMA2_Stream6_IRQHandler
                0x00000000080015b8                DMA1_Stream3_IRQHandler
 .text.NMI_Handler
                0x00000000080015ba        0xe ./src/stm32f4xx_it.o
                0x00000000080015ba                NMI_Handler
 .text.HardFault_Handler
                0x00000000080015c8        0x6 ./src/stm32f4xx_it.o
                0x00000000080015c8                HardFault_Handler
 .text.MemManage_Handler
                0x00000000080015ce        0x6 ./src/stm32f4xx_it.o
                0x00000000080015ce                MemManage_Handler
 .text.BusFault_Handler
                0x00000000080015d4        0x6 ./src/stm32f4xx_it.o
                0x00000000080015d4                BusFault_Handler
 .text.UsageFault_Handler
                0x00000000080015da        0x6 ./src/stm32f4xx_it.o
                0x00000000080015da                UsageFault_Handler
 .text.SVC_Handler
                0x00000000080015e0        0xe ./src/stm32f4xx_it.o
                0x00000000080015e0                SVC_Handler
 .text.DebugMon_Handler
                0x00000000080015ee        0xe ./src/stm32f4xx_it.o
                0x00000000080015ee                DebugMon_Handler
 .text.PendSV_Handler
                0x00000000080015fc        0xe ./src/stm32f4xx_it.o
                0x00000000080015fc                PendSV_Handler
 .text.SysTick_Handler
                0x000000000800160a        0xe ./src/stm32f4xx_it.o
                0x000000000800160a                SysTick_Handler
 .text.SystemInit
                0x0000000008001618       0x6c ./src/system_stm32f4xx.o
                0x0000000008001618                SystemInit
 .text.SetSysClock
                0x0000000008001684       0xf4 ./src/system_stm32f4xx.o
 .text.__libc_init_array
                0x0000000008001778       0x48 c:/st/stm32cubeide_1.8.0/stm32cubeide/plugins/com.st.stm32cube.ide.mcu.externaltools.gnu-tools-for-stm32.10.3-2021.10.win32_1.0.0.202111181127/tools/bin/../lib/gcc/arm-none-eabi/10.3.1/../../../../arm-none-eabi/lib/thumb/v7e-m+fp/hard\libc_nano.a(lib_a-init.o)
                0x0000000008001778                __libc_init_array
 *(.glue_7)
 .glue_7        0x00000000080017c0        0x0 linker stubs
 *(.glue_7t)
 .glue_7t       0x00000000080017c0        0x0 linker stubs
 *(.eh_frame)
 .eh_frame      0x00000000080017c0        0x0 c:/st/stm32cubeide_1.8.0/stm32cubeide/plugins/com.st.stm32cube.ide.mcu.externaltools.gnu-tools-for-stm32.10.3-2021.10.win32_1.0.0.202111181127/tools/bin/../lib/gcc/arm-none-eabi/10.3.1/thumb/v7e-m+fp/hard/crtbegin.o
 *(.init)
 .init          0x00000000080017c0        0x4 c:/st/stm32cubeide_1.8.0/stm32cubeide/plugins/com.st.stm32cube.ide.mcu.externaltools.gnu-tools-for-stm32.10.3-2021.10.win32_1.0.0.202111181127/tools/bin/../lib/gcc/arm-none-eabi/10.3.1/thumb/v7e-m+fp/hard/crti.o
                0x00000000080017c0                _init
 .init          0x00000000080017c4        0x8 c:/st/stm32cubeide_1.8.0/stm32cubeide/plugins/com.st.stm32cube.ide.mcu.externaltools.gnu-tools-for-stm32.10.3-2021.10.win32_1.0.0.202111181127/tools/bin/../lib/gcc/arm-none-eabi/10.3.1/thumb/v7e-m+fp/hard/crtn.o
 *(.fini)
 .fini          0x00000000080017cc        0x4 c:/st/stm32cubeide_1.8.0/stm32cubeide/plugins/com.st.stm32cube.ide.mcu.externaltools.gnu-tools-for-stm32.10.3-2021.10.win32_1.0.0.202111181127/tools/bin/../lib/gcc/arm-none-eabi/10.3.1/thumb/v7e-m+fp/hard/crti.o
                0x00000000080017cc                _fini
 .fini          0x00000000080017d0        0x8 c:/st/stm32cubeide_1.8.0/stm32cubeide/plugins/com.st.stm32cube.ide.mcu.externaltools.gnu-tools-for-stm32.10.3-2021.10.win32_1.0.0.202111181127/tools/bin/../lib/gcc/arm-none-eabi/10.3.1/thumb/v7e-m+fp/hard/crtn.o
                0x00000000080017d8                . = ALIGN (0x4)
                0x00000000080017d8                _etext = .

.vfp11_veneer   0x00000000080017d8        0x0
 .vfp11_veneer  0x00000000080017d8        0x0 linker stubs

.v4_bx          0x00000000080017d8        0x0
 .v4_bx         0x00000000080017d8        0x0 linker stubs

.iplt           0x00000000080017d8        0x0
 .iplt          0x00000000080017d8        0x0 c:/st/stm32cubeide_1.8.0/stm32cubeide/plugins/com.st.stm32cube.ide.mcu.externaltools.gnu-tools-for-stm32.10.3-2021.10.win32_1.0.0.202111181127/tools/bin/../lib/gcc/arm-none-eabi/10.3.1/thumb/v7e-m+fp/hard/crtbegin.o

.rel.dyn        0x00000000080017d8        0x0
 .rel.iplt      0x00000000080017d8        0x0 c:/st/stm32cubeide_1.8.0/stm32cubeide/plugins/com.st.stm32cube.ide.mcu.externaltools.gnu-tools-for-stm32.10.3-2021.10.win32_1.0.0.202111181127/tools/bin/../lib/gcc/arm-none-eabi/10.3.1/thumb/v7e-m+fp/hard/crtbegin.o

.rodata         0x00000000080017d8        0x0
                0x00000000080017d8                . = ALIGN (0x4)
 *(.rodata)
 *(.rodata*)
                0x00000000080017d8                . = ALIGN (0x4)

.ARM.extab
 *(.ARM.extab* .gnu.linkonce.armextab.*)

.ARM            0x00000000080017d8        0x0
                0x00000000080017d8                __exidx_start = .
 *(.ARM.exidx*)
                0x00000000080017d8                __exidx_end = .

.preinit_array  0x00000000080017d8        0x0
                0x00000000080017d8                PROVIDE (__preinit_array_start = .)
 *(.preinit_array*)
                0x00000000080017d8                PROVIDE (__preinit_array_end = .)

.init_array     0x00000000080017d8        0x4
                0x00000000080017d8                PROVIDE (__init_array_start = .)
 *(SORT_BY_NAME(.init_array.*))
 *(.init_array*)
 .init_array    0x00000000080017d8        0x4 c:/st/stm32cubeide_1.8.0/stm32cubeide/plugins/com.st.stm32cube.ide.mcu.externaltools.gnu-tools-for-stm32.10.3-2021.10.win32_1.0.0.202111181127/tools/bin/../lib/gcc/arm-none-eabi/10.3.1/thumb/v7e-m+fp/hard/crtbegin.o
                0x00000000080017dc                PROVIDE (__init_array_end = .)

.fini_array     0x00000000080017dc        0x4
                [!provide]                        PROVIDE (__fini_array_start = .)
 *(SORT_BY_NAME(.fini_array.*))
 *(.fini_array*)
 .fini_array    0x00000000080017dc        0x4 c:/st/stm32cubeide_1.8.0/stm32cubeide/plugins/com.st.stm32cube.ide.mcu.externaltools.gnu-tools-for-stm32.10.3-2021.10.win32_1.0.0.202111181127/tools/bin/../lib/gcc/arm-none-eabi/10.3.1/thumb/v7e-m+fp/hard/crtbegin.o
                [!provide]                        PROVIDE (__fini_array_end = .)
                0x00000000080017e0                _sidata = LOADADDR (.data)

.data           0x0000000020000000        0x0 load address 0x00000000080017e0
                0x0000000020000000                . = ALIGN (0x4)
                0x0000000020000000                _sdata = .
 *(.data)
 *(.data*)
                0x0000000020000000                . = ALIGN (0x4)
                0x0000000020000000                _edata = .
                0x00000000080017e0                _siccmram = LOADADDR (.ccmram)

.igot.plt       0x0000000020000000        0x0 load address 0x00000000080017e0
 .igot.plt      0x0000000020000000        0x0 c:/st/stm32cubeide_1.8.0/stm32cubeide/plugins/com.st.stm32cube.ide.mcu.externaltools.gnu-tools-for-stm32.10.3-2021.10.win32_1.0.0.202111181127/tools/bin/../lib/gcc/arm-none-eabi/10.3.1/thumb/v7e-m+fp/hard/crtbegin.o

.ccmram         0x0000000010000000        0x0 load address 0x00000000080017e0
                0x0000000010000000                . = ALIGN (0x4)
                0x0000000010000000                _sccmram = .
 *(.ccmram)
 *(.ccmram*)
                0x0000000010000000                . = ALIGN (0x4)
                0x0000000010000000                _eccmram = .
                0x0000000010000000                . = ALIGN (0x4)

.bss            0x0000000020000000       0x70
                0x0000000020000000                _sbss = .
                0x0000000020000000                __bss_start__ = _sbss
 *(.bss)
 .bss           0x0000000020000000       0x1c c:/st/stm32cubeide_1.8.0/stm32cubeide/plugins/com.st.stm32cube.ide.mcu.externaltools.gnu-tools-for-stm32.10.3-2021.10.win32_1.0.0.202111181127/tools/bin/../lib/gcc/arm-none-eabi/10.3.1/thumb/v7e-m+fp/hard/crtbegin.o
 *(.bss*)
 .bss.RxMsg1    0x000000002000001c       0x14 ./src/main.o
                0x000000002000001c                RxMsg1
 .bss.TxMsg1    0x0000000020000030       0x14 ./src/main.o
                0x0000000020000030                TxMsg1
 .bss.TxMsg2    0x0000000020000044       0x14 ./src/main.o
                0x0000000020000044                TxMsg2
 .bss.TxMsg3    0x0000000020000058       0x14 ./src/main.o
                0x0000000020000058                TxMsg3
 .bss.cou       0x000000002000006c        0x1 ./src/main.o
                0x000000002000006c                cou
 *(COMMON)
                0x0000000020000070                . = ALIGN (0x4)
 *fill*         0x000000002000006d        0x3 
                0x0000000020000070                _ebss = .
                0x0000000020000070                __bss_end__ = _ebss

._user_heap_stack
                0x0000000020000070      0x400
                0x0000000020000070                . = ALIGN (0x4)
                [!provide]                        PROVIDE (end = .)
                [!provide]                        PROVIDE (_end = .)
                0x0000000020000070                . = (. + _Min_Heap_Size)
                0x0000000020000470                . = (. + _Min_Stack_Size)
 *fill*         0x0000000020000070      0x400 
                0x0000000020000470                . = ALIGN (0x4)

.memory_b1_text
 *(.mb1text)
 *(.mb1text*)
 *(.mb1rodata)
 *(.mb1rodata*)

/DISCARD/
 libc.a(*)
 libm.a(*)
 libgcc.a(*)

.ARM.attributes
                0x0000000000000000       0x30
 *(.ARM.attributes)
 .ARM.attributes
                0x0000000000000000       0x1e c:/st/stm32cubeide_1.8.0/stm32cubeide/plugins/com.st.stm32cube.ide.mcu.externaltools.gnu-tools-for-stm32.10.3-2021.10.win32_1.0.0.202111181127/tools/bin/../lib/gcc/arm-none-eabi/10.3.1/thumb/v7e-m+fp/hard/crti.o
 .ARM.attributes
                0x000000000000001e       0x34 c:/st/stm32cubeide_1.8.0/stm32cubeide/plugins/com.st.stm32cube.ide.mcu.externaltools.gnu-tools-for-stm32.10.3-2021.10.win32_1.0.0.202111181127/tools/bin/../lib/gcc/arm-none-eabi/10.3.1/thumb/v7e-m+fp/hard/crtbegin.o
 .ARM.attributes
                0x0000000000000052       0x34 ./Libraries/STM32F4xx_StdPeriph_Driver/src/misc.o
 .ARM.attributes
                0x0000000000000086       0x34 ./Libraries/STM32F4xx_StdPeriph_Driver/src/stm32f4xx_can.o
 .ARM.attributes
                0x00000000000000ba       0x34 ./Libraries/STM32F4xx_StdPeriph_Driver/src/stm32f4xx_exti.o
 .ARM.attributes
                0x00000000000000ee       0x34 ./Libraries/STM32F4xx_StdPeriph_Driver/src/stm32f4xx_gpio.o
 .ARM.attributes
                0x0000000000000122       0x34 ./Libraries/STM32F4xx_StdPeriph_Driver/src/stm32f4xx_rcc.o
 .ARM.attributes
                0x0000000000000156       0x34 ./Libraries/STM32F4xx_StdPeriph_Driver/src/stm32f4xx_syscfg.o
 .ARM.attributes
                0x000000000000018a       0x34 ./Libraries/STM32F4xx_StdPeriph_Driver/src/stm32f4xx_tim.o
 .ARM.attributes
                0x00000000000001be       0x34 ./src/main.o
 .ARM.attributes
                0x00000000000001f2       0x21 ./src/startup_stm32f40xx.o
 .ARM.attributes
                0x0000000000000213       0x34 ./src/stm32f4xx_it.o
 .ARM.attributes
                0x0000000000000247       0x34 ./src/system_stm32f4xx.o
 .ARM.attributes
                0x000000000000027b       0x34 c:/st/stm32cubeide_1.8.0/stm32cubeide/plugins/com.st.stm32cube.ide.mcu.externaltools.gnu-tools-for-stm32.10.3-2021.10.win32_1.0.0.202111181127/tools/bin/../lib/gcc/arm-none-eabi/10.3.1/../../../../arm-none-eabi/lib/thumb/v7e-m+fp/hard\libc_nano.a(lib_a-init.o)
 .ARM.attributes
                0x00000000000002af       0x1e c:/st/stm32cubeide_1.8.0/stm32cubeide/plugins/com.st.stm32cube.ide.mcu.externaltools.gnu-tools-for-stm32.10.3-2021.10.win32_1.0.0.202111181127/tools/bin/../lib/gcc/arm-none-eabi/10.3.1/thumb/v7e-m+fp/hard/crtn.o
OUTPUT(CAN.elf elf32-littlearm)
LOAD linker stubs
LOAD c:/st/stm32cubeide_1.8.0/stm32cubeide/plugins/com.st.stm32cube.ide.mcu.externaltools.gnu-tools-for-stm32.10.3-2021.10.win32_1.0.0.202111181127/tools/bin/../lib/gcc/arm-none-eabi/10.3.1/../../../../arm-none-eabi/lib/thumb/v7e-m+fp/hard\libc.a
LOAD c:/st/stm32cubeide_1.8.0/stm32cubeide/plugins/com.st.stm32cube.ide.mcu.externaltools.gnu-tools-for-stm32.10.3-2021.10.win32_1.0.0.202111181127/tools/bin/../lib/gcc/arm-none-eabi/10.3.1/../../../../arm-none-eabi/lib/thumb/v7e-m+fp/hard\libm.a
LOAD c:/st/stm32cubeide_1.8.0/stm32cubeide/plugins/com.st.stm32cube.ide.mcu.externaltools.gnu-tools-for-stm32.10.3-2021.10.win32_1.0.0.202111181127/tools/bin/../lib/gcc/arm-none-eabi/10.3.1/thumb/v7e-m+fp/hard\libgcc.a

.debug_info     0x0000000000000000     0x61bc
 .debug_info    0x0000000000000000      0x560 ./Libraries/STM32F4xx_StdPeriph_Driver/src/misc.o
 .debug_info    0x0000000000000560      0xc46 ./Libraries/STM32F4xx_StdPeriph_Driver/src/stm32f4xx_can.o
 .debug_info    0x00000000000011a6      0x361 ./Libraries/STM32F4xx_StdPeriph_Driver/src/stm32f4xx_exti.o
 .debug_info    0x0000000000001507      0x672 ./Libraries/STM32F4xx_StdPeriph_Driver/src/stm32f4xx_gpio.o
 .debug_info    0x0000000000001b79      0xd1c ./Libraries/STM32F4xx_StdPeriph_Driver/src/stm32f4xx_rcc.o
 .debug_info    0x0000000000002895      0x284 ./Libraries/STM32F4xx_StdPeriph_Driver/src/stm32f4xx_syscfg.o
 .debug_info    0x0000000000002b19     0x1e24 ./Libraries/STM32F4xx_StdPeriph_Driver/src/stm32f4xx_tim.o
 .debug_info    0x000000000000493d     0x1144 ./src/main.o
 .debug_info    0x0000000000005a81       0x22 ./src/startup_stm32f40xx.o
 .debug_info    0x0000000000005aa3      0x112 ./src/stm32f4xx_it.o
 .debug_info    0x0000000000005bb5      0x607 ./src/system_stm32f4xx.o

.debug_abbrev   0x0000000000000000     0x10ac
 .debug_abbrev  0x0000000000000000      0x173 ./Libraries/STM32F4xx_StdPeriph_Driver/src/misc.o
 .debug_abbrev  0x0000000000000173      0x231 ./Libraries/STM32F4xx_StdPeriph_Driver/src/stm32f4xx_can.o
 .debug_abbrev  0x00000000000003a4      0x1c7 ./Libraries/STM32F4xx_StdPeriph_Driver/src/stm32f4xx_exti.o
 .debug_abbrev  0x000000000000056b      0x1df ./Libraries/STM32F4xx_StdPeriph_Driver/src/stm32f4xx_gpio.o
 .debug_abbrev  0x000000000000074a      0x203 ./Libraries/STM32F4xx_StdPeriph_Driver/src/stm32f4xx_rcc.o
 .debug_abbrev  0x000000000000094d      0x15d ./Libraries/STM32F4xx_StdPeriph_Driver/src/stm32f4xx_syscfg.o
 .debug_abbrev  0x0000000000000aaa      0x1bb ./Libraries/STM32F4xx_StdPeriph_Driver/src/stm32f4xx_tim.o
 .debug_abbrev  0x0000000000000c65      0x286 ./src/main.o
 .debug_abbrev  0x0000000000000eeb       0x12 ./src/startup_stm32f40xx.o
 .debug_abbrev  0x0000000000000efd       0x47 ./src/stm32f4xx_it.o
 .debug_abbrev  0x0000000000000f44      0x168 ./src/system_stm32f4xx.o

.debug_aranges  0x0000000000000000      0x7d0
 .debug_aranges
                0x0000000000000000       0x40 ./Libraries/STM32F4xx_StdPeriph_Driver/src/misc.o
 .debug_aranges
                0x0000000000000040       0xe0 ./Libraries/STM32F4xx_StdPeriph_Driver/src/stm32f4xx_can.o
 .debug_aranges
                0x0000000000000120       0x58 ./Libraries/STM32F4xx_StdPeriph_Driver/src/stm32f4xx_exti.o
 .debug_aranges
                0x0000000000000178       0x88 ./Libraries/STM32F4xx_StdPeriph_Driver/src/stm32f4xx_gpio.o
 .debug_aranges
                0x0000000000000200      0x180 ./Libraries/STM32F4xx_StdPeriph_Driver/src/stm32f4xx_rcc.o
 .debug_aranges
                0x0000000000000380       0x48 ./Libraries/STM32F4xx_StdPeriph_Driver/src/stm32f4xx_syscfg.o
 .debug_aranges
                0x00000000000003c8      0x2f8 ./Libraries/STM32F4xx_StdPeriph_Driver/src/stm32f4xx_tim.o
 .debug_aranges
                0x00000000000006c0       0x58 ./src/main.o
 .debug_aranges
                0x0000000000000718       0x28 ./src/startup_stm32f40xx.o
 .debug_aranges
                0x0000000000000740       0x60 ./src/stm32f4xx_it.o
 .debug_aranges
                0x00000000000007a0       0x30 ./src/system_stm32f4xx.o

.debug_ranges   0x0000000000000000      0x728
 .debug_ranges  0x0000000000000000       0x30 ./Libraries/STM32F4xx_StdPeriph_Driver/src/misc.o
 .debug_ranges  0x0000000000000030       0xd0 ./Libraries/STM32F4xx_StdPeriph_Driver/src/stm32f4xx_can.o
 .debug_ranges  0x0000000000000100       0x48 ./Libraries/STM32F4xx_StdPeriph_Driver/src/stm32f4xx_exti.o
 .debug_ranges  0x0000000000000148       0x78 ./Libraries/STM32F4xx_StdPeriph_Driver/src/stm32f4xx_gpio.o
 .debug_ranges  0x00000000000001c0      0x170 ./Libraries/STM32F4xx_StdPeriph_Driver/src/stm32f4xx_rcc.o
 .debug_ranges  0x0000000000000330       0x38 ./Libraries/STM32F4xx_StdPeriph_Driver/src/stm32f4xx_syscfg.o
 .debug_ranges  0x0000000000000368      0x2e8 ./Libraries/STM32F4xx_StdPeriph_Driver/src/stm32f4xx_tim.o
 .debug_ranges  0x0000000000000650       0x48 ./src/main.o
 .debug_ranges  0x0000000000000698       0x20 ./src/startup_stm32f40xx.o
 .debug_ranges  0x00000000000006b8       0x50 ./src/stm32f4xx_it.o
 .debug_ranges  0x0000000000000708       0x20 ./src/system_stm32f4xx.o

.debug_macro    0x0000000000000000    0x10bdf
 .debug_macro   0x0000000000000000      0x1c6 ./Libraries/STM32F4xx_StdPeriph_Driver/src/misc.o
 .debug_macro   0x00000000000001c6      0xa78 ./Libraries/STM32F4xx_StdPeriph_Driver/src/misc.o
 .debug_macro   0x0000000000000c3e       0x5d ./Libraries/STM32F4xx_StdPeriph_Driver/src/misc.o
 .debug_macro   0x0000000000000c9b       0x3b ./Libraries/STM32F4xx_StdPeriph_Driver/src/misc.o
 .debug_macro   0x0000000000000cd6       0x22 ./Libraries/STM32F4xx_StdPeriph_Driver/src/misc.o
 .debug_macro   0x0000000000000cf8       0x8e ./Libraries/STM32F4xx_StdPeriph_Driver/src/misc.o
 .debug_macro   0x0000000000000d86       0x51 ./Libraries/STM32F4xx_StdPeriph_Driver/src/misc.o
 .debug_macro   0x0000000000000dd7      0x103 ./Libraries/STM32F4xx_StdPeriph_Driver/src/misc.o
 .debug_macro   0x0000000000000eda       0x6a ./Libraries/STM32F4xx_StdPeriph_Driver/src/misc.o
 .debug_macro   0x0000000000000f44      0x1df ./Libraries/STM32F4xx_StdPeriph_Driver/src/misc.o
 .debug_macro   0x0000000000001123       0x18 ./Libraries/STM32F4xx_StdPeriph_Driver/src/misc.o
 .debug_macro   0x000000000000113b       0x42 ./Libraries/STM32F4xx_StdPeriph_Driver/src/misc.o
 .debug_macro   0x000000000000117d      0xd39 ./Libraries/STM32F4xx_StdPeriph_Driver/src/misc.o
 .debug_macro   0x0000000000001eb6     0x822c ./Libraries/STM32F4xx_StdPeriph_Driver/src/misc.o
 .debug_macro   0x000000000000a0e2      0x44f ./Libraries/STM32F4xx_StdPeriph_Driver/src/misc.o
 .debug_macro   0x000000000000a531      0x3cf ./Libraries/STM32F4xx_StdPeriph_Driver/src/misc.o
 .debug_macro   0x000000000000a900      0x144 ./Libraries/STM32F4xx_StdPeriph_Driver/src/misc.o
 .debug_macro   0x000000000000aa44      0x188 ./Libraries/STM32F4xx_StdPeriph_Driver/src/misc.o
 .debug_macro   0x000000000000abcc       0xb2 ./Libraries/STM32F4xx_StdPeriph_Driver/src/misc.o
 .debug_macro   0x000000000000ac7e      0x149 ./Libraries/STM32F4xx_StdPeriph_Driver/src/misc.o
 .debug_macro   0x000000000000adc7      0x477 ./Libraries/STM32F4xx_StdPeriph_Driver/src/misc.o
 .debug_macro   0x000000000000b23e       0xae ./Libraries/STM32F4xx_StdPeriph_Driver/src/misc.o
 .debug_macro   0x000000000000b2ec      0x2f7 ./Libraries/STM32F4xx_StdPeriph_Driver/src/misc.o
 .debug_macro   0x000000000000b5e3      0x279 ./Libraries/STM32F4xx_StdPeriph_Driver/src/misc.o
 .debug_macro   0x000000000000b85c       0xc3 ./Libraries/STM32F4xx_StdPeriph_Driver/src/misc.o
 .debug_macro   0x000000000000b91f      0x288 ./Libraries/STM32F4xx_StdPeriph_Driver/src/misc.o
 .debug_macro   0x000000000000bba7      0x2bb ./Libraries/STM32F4xx_StdPeriph_Driver/src/misc.o
 .debug_macro   0x000000000000be62       0x64 ./Libraries/STM32F4xx_StdPeriph_Driver/src/misc.o
 .debug_macro   0x000000000000bec6       0xae ./Libraries/STM32F4xx_StdPeriph_Driver/src/misc.o
 .debug_macro   0x000000000000bf74      0x57c ./Libraries/STM32F4xx_StdPeriph_Driver/src/misc.o
 .debug_macro   0x000000000000c4f0       0x40 ./Libraries/STM32F4xx_StdPeriph_Driver/src/misc.o
 .debug_macro   0x000000000000c530      0x57b ./Libraries/STM32F4xx_StdPeriph_Driver/src/misc.o
 .debug_macro   0x000000000000caab      0x342 ./Libraries/STM32F4xx_StdPeriph_Driver/src/misc.o
 .debug_macro   0x000000000000cded      0x36c ./Libraries/STM32F4xx_StdPeriph_Driver/src/misc.o
 .debug_macro   0x000000000000d159       0xe2 ./Libraries/STM32F4xx_StdPeriph_Driver/src/misc.o
 .debug_macro   0x000000000000d23b      0x73b ./Libraries/STM32F4xx_StdPeriph_Driver/src/misc.o
 .debug_macro   0x000000000000d976      0x223 ./Libraries/STM32F4xx_StdPeriph_Driver/src/misc.o
 .debug_macro   0x000000000000db99       0x34 ./Libraries/STM32F4xx_StdPeriph_Driver/src/misc.o
 .debug_macro   0x000000000000dbcd       0x35 ./Libraries/STM32F4xx_StdPeriph_Driver/src/misc.o
 .debug_macro   0x000000000000dc02       0x7c ./Libraries/STM32F4xx_StdPeriph_Driver/src/misc.o
 .debug_macro   0x000000000000dc7e      0x215 ./Libraries/STM32F4xx_StdPeriph_Driver/src/stm32f4xx_can.o
 .debug_macro   0x000000000000de93      0x1c6 ./Libraries/STM32F4xx_StdPeriph_Driver/src/stm32f4xx_exti.o
 .debug_macro   0x000000000000e059       0xa8 ./Libraries/STM32F4xx_StdPeriph_Driver/src/stm32f4xx_exti.o
 .debug_macro   0x000000000000e101      0x1c0 ./Libraries/STM32F4xx_StdPeriph_Driver/src/stm32f4xx_gpio.o
 .debug_macro   0x000000000000e2c1      0x282 ./Libraries/STM32F4xx_StdPeriph_Driver/src/stm32f4xx_gpio.o
 .debug_macro   0x000000000000e543      0x27c ./Libraries/STM32F4xx_StdPeriph_Driver/src/stm32f4xx_rcc.o
 .debug_macro   0x000000000000e7bf      0x576 ./Libraries/STM32F4xx_StdPeriph_Driver/src/stm32f4xx_rcc.o
 .debug_macro   0x000000000000ed35      0x1ea ./Libraries/STM32F4xx_StdPeriph_Driver/src/stm32f4xx_syscfg.o
 .debug_macro   0x000000000000ef1f       0xdc ./Libraries/STM32F4xx_StdPeriph_Driver/src/stm32f4xx_syscfg.o
 .debug_macro   0x000000000000effb      0x1ea ./Libraries/STM32F4xx_StdPeriph_Driver/src/stm32f4xx_tim.o
 .debug_macro   0x000000000000f1e5      0x735 ./Libraries/STM32F4xx_StdPeriph_Driver/src/stm32f4xx_tim.o
 .debug_macro   0x000000000000f91a      0x31a ./src/main.o
 .debug_macro   0x000000000000fc34       0x52 ./src/main.o
 .debug_macro   0x000000000000fc86       0x1e ./src/main.o
 .debug_macro   0x000000000000fca4       0x3c ./src/main.o
 .debug_macro   0x000000000000fce0       0x34 ./src/main.o
 .debug_macro   0x000000000000fd14       0x16 ./src/main.o
 .debug_macro   0x000000000000fd2a       0x97 ./src/main.o
 .debug_macro   0x000000000000fdc1      0x341 ./src/main.o
 .debug_macro   0x0000000000010102       0xfd ./src/main.o
 .debug_macro   0x00000000000101ff       0x10 ./src/main.o
 .debug_macro   0x000000000001020f       0x16 ./src/main.o
 .debug_macro   0x0000000000010225       0x43 ./src/main.o
 .debug_macro   0x0000000000010268       0x34 ./src/main.o
 .debug_macro   0x000000000001029c       0x10 ./src/main.o
 .debug_macro   0x00000000000102ac       0x58 ./src/main.o
 .debug_macro   0x0000000000010304       0x71 ./src/main.o
 .debug_macro   0x0000000000010375       0x1c ./src/main.o
 .debug_macro   0x0000000000010391      0x12a ./src/main.o
 .debug_macro   0x00000000000104bb       0x10 ./src/main.o
 .debug_macro   0x00000000000104cb       0x1c ./src/main.o
 .debug_macro   0x00000000000104e7       0x52 ./src/main.o
 .debug_macro   0x0000000000010539       0x22 ./src/main.o
 .debug_macro   0x000000000001055b       0x10 ./src/main.o
 .debug_macro   0x000000000001056b       0x52 ./src/main.o
 .debug_macro   0x00000000000105bd       0xd5 ./src/main.o
 .debug_macro   0x0000000000010692       0x1c ./src/main.o
 .debug_macro   0x00000000000106ae       0x3d ./src/main.o
 .debug_macro   0x00000000000106eb       0x16 ./src/main.o
 .debug_macro   0x0000000000010701      0x145 ./src/main.o
 .debug_macro   0x0000000000010846      0x1c0 ./src/stm32f4xx_it.o
 .debug_macro   0x0000000000010a06      0x1d9 ./src/system_stm32f4xx.o

.debug_line     0x0000000000000000     0x6c47
 .debug_line    0x0000000000000000      0x77a ./Libraries/STM32F4xx_StdPeriph_Driver/src/misc.o
 .debug_line    0x000000000000077a      0xee4 ./Libraries/STM32F4xx_StdPeriph_Driver/src/stm32f4xx_can.o
 .debug_line    0x000000000000165e      0x814 ./Libraries/STM32F4xx_StdPeriph_Driver/src/stm32f4xx_exti.o
 .debug_line    0x0000000000001e72      0x975 ./Libraries/STM32F4xx_StdPeriph_Driver/src/stm32f4xx_gpio.o
 .debug_line    0x00000000000027e7      0xe04 ./Libraries/STM32F4xx_StdPeriph_Driver/src/stm32f4xx_rcc.o
 .debug_line    0x00000000000035eb      0x745 ./Libraries/STM32F4xx_StdPeriph_Driver/src/stm32f4xx_syscfg.o
 .debug_line    0x0000000000003d30     0x159f ./Libraries/STM32F4xx_StdPeriph_Driver/src/stm32f4xx_tim.o
 .debug_line    0x00000000000052cf      0xa1a ./src/main.o
 .debug_line    0x0000000000005ce9       0x7a ./src/startup_stm32f40xx.o
 .debug_line    0x0000000000005d63      0x71b ./src/stm32f4xx_it.o
 .debug_line    0x000000000000647e      0x7c9 ./src/system_stm32f4xx.o

.debug_str      0x0000000000000000    0x605ea
 .debug_str     0x0000000000000000    0x5978c ./Libraries/STM32F4xx_StdPeriph_Driver/src/misc.o
                                      0x59926 (size before relaxing)
 .debug_str     0x000000000005978c      0x735 ./Libraries/STM32F4xx_StdPeriph_Driver/src/stm32f4xx_can.o
                                      0x59e6f (size before relaxing)
 .debug_str     0x0000000000059ec1      0x1ef ./Libraries/STM32F4xx_StdPeriph_Driver/src/stm32f4xx_exti.o
                                      0x598a9 (size before relaxing)
 .debug_str     0x000000000005a0b0      0x31f ./Libraries/STM32F4xx_StdPeriph_Driver/src/stm32f4xx_gpio.o
                                      0x599f8 (size before relaxing)
 .debug_str     0x000000000005a3cf      0xb95 ./Libraries/STM32F4xx_StdPeriph_Driver/src/stm32f4xx_rcc.o
                                      0x5a308 (size before relaxing)
 .debug_str     0x000000000005af64      0x2b6 ./Libraries/STM32F4xx_StdPeriph_Driver/src/stm32f4xx_syscfg.o
                                      0x59999 (size before relaxing)
 .debug_str     0x000000000005b21a      0xc43 ./Libraries/STM32F4xx_StdPeriph_Driver/src/stm32f4xx_tim.o
                                      0x5a3f3 (size before relaxing)
 .debug_str     0x000000000005be5d     0x45e0 ./src/main.o
                                      0x5e4c1 (size before relaxing)
 .debug_str     0x000000000006043d       0x2a ./src/startup_stm32f40xx.o
                                         0x59 (size before relaxing)
 .debug_str     0x0000000000060467       0xb8 ./src/stm32f4xx_it.o
                                      0x5971b (size before relaxing)
 .debug_str     0x000000000006051f       0xcb ./src/system_stm32f4xx.o
                                      0x598f7 (size before relaxing)

.comment        0x0000000000000000       0x50
 .comment       0x0000000000000000       0x50 ./Libraries/STM32F4xx_StdPeriph_Driver/src/misc.o
                                         0x51 (size before relaxing)
 .comment       0x0000000000000050       0x51 ./Libraries/STM32F4xx_StdPeriph_Driver/src/stm32f4xx_can.o
 .comment       0x0000000000000050       0x51 ./Libraries/STM32F4xx_StdPeriph_Driver/src/stm32f4xx_exti.o
 .comment       0x0000000000000050       0x51 ./Libraries/STM32F4xx_StdPeriph_Driver/src/stm32f4xx_gpio.o
 .comment       0x0000000000000050       0x51 ./Libraries/STM32F4xx_StdPeriph_Driver/src/stm32f4xx_rcc.o
 .comment       0x0000000000000050       0x51 ./Libraries/STM32F4xx_StdPeriph_Driver/src/stm32f4xx_syscfg.o
 .comment       0x0000000000000050       0x51 ./Libraries/STM32F4xx_StdPeriph_Driver/src/stm32f4xx_tim.o
 .comment       0x0000000000000050       0x51 ./src/main.o
 .comment       0x0000000000000050       0x51 ./src/stm32f4xx_it.o
 .comment       0x0000000000000050       0x51 ./src/system_stm32f4xx.o

.debug_frame    0x0000000000000000     0x2160
 .debug_frame   0x0000000000000000       0xd8 ./Libraries/STM32F4xx_StdPeriph_Driver/src/misc.o
 .debug_frame   0x00000000000000d8      0x3f8 ./Libraries/STM32F4xx_StdPeriph_Driver/src/stm32f4xx_can.o
 .debug_frame   0x00000000000004d0      0x148 ./Libraries/STM32F4xx_StdPeriph_Driver/src/stm32f4xx_exti.o
 .debug_frame   0x0000000000000618      0x23c ./Libraries/STM32F4xx_StdPeriph_Driver/src/stm32f4xx_gpio.o
 .debug_frame   0x0000000000000854      0x6fc ./Libraries/STM32F4xx_StdPeriph_Driver/src/stm32f4xx_rcc.o
 .debug_frame   0x0000000000000f50       0xf4 ./Libraries/STM32F4xx_StdPeriph_Driver/src/stm32f4xx_syscfg.o
 .debug_frame   0x0000000000001044      0xe54 ./Libraries/STM32F4xx_StdPeriph_Driver/src/stm32f4xx_tim.o
 .debug_frame   0x0000000000001e98      0x110 ./src/main.o
 .debug_frame   0x0000000000001fa8      0x110 ./src/stm32f4xx_it.o
 .debug_frame   0x00000000000020b8       0x7c ./src/system_stm32f4xx.o
 .debug_frame   0x0000000000002134       0x2c c:/st/stm32cubeide_1.8.0/stm32cubeide/plugins/com.st.stm32cube.ide.mcu.externaltools.gnu-tools-for-stm32.10.3-2021.10.win32_1.0.0.202111181127/tools/bin/../lib/gcc/arm-none-eabi/10.3.1/../../../../arm-none-eabi/lib/thumb/v7e-m+fp/hard\libc_nano.a(lib_a-init.o)

.stabstr        0x0000000000000000       0x3f
 .stabstr       0x0000000000000000       0x3f c:/st/stm32cubeide_1.8.0/stm32cubeide/plugins/com.st.stm32cube.ide.mcu.externaltools.gnu-tools-for-stm32.10.3-2021.10.win32_1.0.0.202111181127/tools/bin/../lib/gcc/arm-none-eabi/10.3.1/../../../../arm-none-eabi/lib/thumb/v7e-m+fp/hard\libnosys.a(write.o)
