Archive member included to satisfy reference by file (symbol)

c:/program files (x86)/atollic/truestudio for stm32 9.0.0/armtools/bin/../lib/gcc/arm-atollic-eabi/6.3.1/../../../../arm-atollic-eabi/lib/armv7e-m/fpu\libc_nano.a(lib_a-init.o)
                              src\startup_stm32f40xx.o (__libc_init_array)
c:/program files (x86)/atollic/truestudio for stm32 9.0.0/armtools/bin/../lib/gcc/arm-atollic-eabi/6.3.1/../../../../arm-atollic-eabi/lib/armv7e-m/fpu\libc_nano.a(lib_a-strlen.o)
                              src\tiny_printf.o (strlen)
c:/program files (x86)/atollic/truestudio for stm32 9.0.0/armtools/bin/../lib/gcc/arm-atollic-eabi/6.3.1/../../../../arm-atollic-eabi/lib/armv7e-m/fpu\libnosys.a(write.o)
                              src\tiny_printf.o (_write)
c:/program files (x86)/atollic/truestudio for stm32 9.0.0/armtools/bin/../lib/gcc/arm-atollic-eabi/6.3.1/../../../../arm-atollic-eabi/lib/armv7e-m/fpu\libnosys.a(errno.o)
                              c:/program files (x86)/atollic/truestudio for stm32 9.0.0/armtools/bin/../lib/gcc/arm-atollic-eabi/6.3.1/../../../../arm-atollic-eabi/lib/armv7e-m/fpu\libnosys.a(write.o) (errno)

Allocating common symbols
Common symbol       size              file

errno               0x4               c:/program files (x86)/atollic/truestudio for stm32 9.0.0/armtools/bin/../lib/gcc/arm-atollic-eabi/6.3.1/../../../../arm-atollic-eabi/lib/armv7e-m/fpu\libnosys.a(errno.o)
couChar             0x14              src\main.o

Discarded input sections

 .text          0x00000000        0x0 c:/program files (x86)/atollic/truestudio for stm32 9.0.0/armtools/bin/../lib/gcc/arm-atollic-eabi/6.3.1/armv7e-m/fpu/crti.o
 .data          0x00000000        0x0 c:/program files (x86)/atollic/truestudio for stm32 9.0.0/armtools/bin/../lib/gcc/arm-atollic-eabi/6.3.1/armv7e-m/fpu/crti.o
 .bss           0x00000000        0x0 c:/program files (x86)/atollic/truestudio for stm32 9.0.0/armtools/bin/../lib/gcc/arm-atollic-eabi/6.3.1/armv7e-m/fpu/crti.o
 .data          0x00000000        0x4 c:/program files (x86)/atollic/truestudio for stm32 9.0.0/armtools/bin/../lib/gcc/arm-atollic-eabi/6.3.1/armv7e-m/fpu/crtbegin.o
 .text          0x00000000        0x0 Libraries\STM32F4xx_StdPeriph_Driver\src\misc.o
 .data          0x00000000        0x0 Libraries\STM32F4xx_StdPeriph_Driver\src\misc.o
 .bss           0x00000000        0x0 Libraries\STM32F4xx_StdPeriph_Driver\src\misc.o
 .text.NVIC_PriorityGroupConfig
                0x00000000       0x28 Libraries\STM32F4xx_StdPeriph_Driver\src\misc.o
 .text.NVIC_Init
                0x00000000       0xc4 Libraries\STM32F4xx_StdPeriph_Driver\src\misc.o
 .text.NVIC_SetVectorTable
                0x00000000       0x2c Libraries\STM32F4xx_StdPeriph_Driver\src\misc.o
 .text.NVIC_SystemLPConfig
                0x00000000       0x44 Libraries\STM32F4xx_StdPeriph_Driver\src\misc.o
 .text.SysTick_CLKSourceConfig
                0x00000000       0x38 Libraries\STM32F4xx_StdPeriph_Driver\src\misc.o
 .debug_info    0x00000000      0x54d Libraries\STM32F4xx_StdPeriph_Driver\src\misc.o
 .debug_abbrev  0x00000000      0x172 Libraries\STM32F4xx_StdPeriph_Driver\src\misc.o
 .debug_aranges
                0x00000000       0x40 Libraries\STM32F4xx_StdPeriph_Driver\src\misc.o
 .debug_ranges  0x00000000       0x30 Libraries\STM32F4xx_StdPeriph_Driver\src\misc.o
 .debug_line    0x00000000      0x253 Libraries\STM32F4xx_StdPeriph_Driver\src\misc.o
 .debug_str     0x00000000      0x43c Libraries\STM32F4xx_StdPeriph_Driver\src\misc.o
 .comment       0x00000000       0x7d Libraries\STM32F4xx_StdPeriph_Driver\src\misc.o
 .debug_frame   0x00000000       0xd8 Libraries\STM32F4xx_StdPeriph_Driver\src\misc.o
 .ARM.attributes
                0x00000000       0x39 Libraries\STM32F4xx_StdPeriph_Driver\src\misc.o
 .text          0x00000000        0x0 Libraries\STM32F4xx_StdPeriph_Driver\src\stm32f4xx_gpio.o
 .data          0x00000000        0x0 Libraries\STM32F4xx_StdPeriph_Driver\src\stm32f4xx_gpio.o
 .bss           0x00000000        0x0 Libraries\STM32F4xx_StdPeriph_Driver\src\stm32f4xx_gpio.o
 .text.GPIO_DeInit
                0x00000000      0x120 Libraries\STM32F4xx_StdPeriph_Driver\src\stm32f4xx_gpio.o
 .text.GPIO_StructInit
                0x00000000       0x34 Libraries\STM32F4xx_StdPeriph_Driver\src\stm32f4xx_gpio.o
 .text.GPIO_PinLockConfig
                0x00000000       0x44 Libraries\STM32F4xx_StdPeriph_Driver\src\stm32f4xx_gpio.o
 .text.GPIO_ReadInputDataBit
                0x00000000       0x34 Libraries\STM32F4xx_StdPeriph_Driver\src\stm32f4xx_gpio.o
 .text.GPIO_ReadInputData
                0x00000000       0x1a Libraries\STM32F4xx_StdPeriph_Driver\src\stm32f4xx_gpio.o
 .text.GPIO_ReadOutputDataBit
                0x00000000       0x34 Libraries\STM32F4xx_StdPeriph_Driver\src\stm32f4xx_gpio.o
 .text.GPIO_ReadOutputData
                0x00000000       0x1a Libraries\STM32F4xx_StdPeriph_Driver\src\stm32f4xx_gpio.o
 .text.GPIO_SetBits
                0x00000000       0x1e Libraries\STM32F4xx_StdPeriph_Driver\src\stm32f4xx_gpio.o
 .text.GPIO_ResetBits
                0x00000000       0x1e Libraries\STM32F4xx_StdPeriph_Driver\src\stm32f4xx_gpio.o
 .text.GPIO_WriteBit
                0x00000000       0x30 Libraries\STM32F4xx_StdPeriph_Driver\src\stm32f4xx_gpio.o
 .text.GPIO_Write
                0x00000000       0x1e Libraries\STM32F4xx_StdPeriph_Driver\src\stm32f4xx_gpio.o
 .text          0x00000000        0x0 Libraries\STM32F4xx_StdPeriph_Driver\src\stm32f4xx_rcc.o
 .data          0x00000000        0x0 Libraries\STM32F4xx_StdPeriph_Driver\src\stm32f4xx_rcc.o
 .bss           0x00000000        0x0 Libraries\STM32F4xx_StdPeriph_Driver\src\stm32f4xx_rcc.o
 .text.RCC_DeInit
                0x00000000       0x5c Libraries\STM32F4xx_StdPeriph_Driver\src\stm32f4xx_rcc.o
 .text.RCC_HSEConfig
                0x00000000       0x28 Libraries\STM32F4xx_StdPeriph_Driver\src\stm32f4xx_rcc.o
 .text.RCC_WaitForHSEStartUp
                0x00000000       0x50 Libraries\STM32F4xx_StdPeriph_Driver\src\stm32f4xx_rcc.o
 .text.RCC_AdjustHSICalibrationValue
                0x00000000       0x3c Libraries\STM32F4xx_StdPeriph_Driver\src\stm32f4xx_rcc.o
 .text.RCC_HSICmd
                0x00000000       0x20 Libraries\STM32F4xx_StdPeriph_Driver\src\stm32f4xx_rcc.o
 .text.RCC_LSEConfig
                0x00000000       0x44 Libraries\STM32F4xx_StdPeriph_Driver\src\stm32f4xx_rcc.o
 .text.RCC_LSICmd
                0x00000000       0x20 Libraries\STM32F4xx_StdPeriph_Driver\src\stm32f4xx_rcc.o
 .text.RCC_PLLConfig
                0x00000000       0x40 Libraries\STM32F4xx_StdPeriph_Driver\src\stm32f4xx_rcc.o
 .text.RCC_PLLCmd
                0x00000000       0x20 Libraries\STM32F4xx_StdPeriph_Driver\src\stm32f4xx_rcc.o
 .text.RCC_PLLI2SConfig
                0x00000000       0x2c Libraries\STM32F4xx_StdPeriph_Driver\src\stm32f4xx_rcc.o
 .text.RCC_PLLI2SCmd
                0x00000000       0x20 Libraries\STM32F4xx_StdPeriph_Driver\src\stm32f4xx_rcc.o
 .text.RCC_ClockSecuritySystemCmd
                0x00000000       0x20 Libraries\STM32F4xx_StdPeriph_Driver\src\stm32f4xx_rcc.o
 .text.RCC_MCO1Config
                0x00000000       0x40 Libraries\STM32F4xx_StdPeriph_Driver\src\stm32f4xx_rcc.o
 .text.RCC_MCO2Config
                0x00000000       0x40 Libraries\STM32F4xx_StdPeriph_Driver\src\stm32f4xx_rcc.o
 .text.RCC_SYSCLKConfig
                0x00000000       0x38 Libraries\STM32F4xx_StdPeriph_Driver\src\stm32f4xx_rcc.o
 .text.RCC_GetSYSCLKSource
                0x00000000       0x20 Libraries\STM32F4xx_StdPeriph_Driver\src\stm32f4xx_rcc.o
 .text.RCC_HCLKConfig
                0x00000000       0x38 Libraries\STM32F4xx_StdPeriph_Driver\src\stm32f4xx_rcc.o
 .text.RCC_PCLK1Config
                0x00000000       0x38 Libraries\STM32F4xx_StdPeriph_Driver\src\stm32f4xx_rcc.o
 .text.RCC_PCLK2Config
                0x00000000       0x3c Libraries\STM32F4xx_StdPeriph_Driver\src\stm32f4xx_rcc.o
 .text.RCC_RTCCLKConfig
                0x00000000       0x5c Libraries\STM32F4xx_StdPeriph_Driver\src\stm32f4xx_rcc.o
 .text.RCC_RTCCLKCmd
                0x00000000       0x20 Libraries\STM32F4xx_StdPeriph_Driver\src\stm32f4xx_rcc.o
 .text.RCC_BackupResetCmd
                0x00000000       0x20 Libraries\STM32F4xx_StdPeriph_Driver\src\stm32f4xx_rcc.o
 .text.RCC_I2SCLKConfig
                0x00000000       0x20 Libraries\STM32F4xx_StdPeriph_Driver\src\stm32f4xx_rcc.o
 .text.RCC_TIMCLKPresConfig
                0x00000000       0x20 Libraries\STM32F4xx_StdPeriph_Driver\src\stm32f4xx_rcc.o
 .text.RCC_AHB2PeriphClockCmd
                0x00000000       0x40 Libraries\STM32F4xx_StdPeriph_Driver\src\stm32f4xx_rcc.o
 .text.RCC_AHB3PeriphClockCmd
                0x00000000       0x40 Libraries\STM32F4xx_StdPeriph_Driver\src\stm32f4xx_rcc.o
 .text.RCC_AHB1PeriphResetCmd
                0x00000000       0x40 Libraries\STM32F4xx_StdPeriph_Driver\src\stm32f4xx_rcc.o
 .text.RCC_AHB2PeriphResetCmd
                0x00000000       0x40 Libraries\STM32F4xx_StdPeriph_Driver\src\stm32f4xx_rcc.o
 .text.RCC_AHB3PeriphResetCmd
                0x00000000       0x40 Libraries\STM32F4xx_StdPeriph_Driver\src\stm32f4xx_rcc.o
 .text.RCC_APB1PeriphResetCmd
                0x00000000       0x40 Libraries\STM32F4xx_StdPeriph_Driver\src\stm32f4xx_rcc.o
 .text.RCC_APB2PeriphResetCmd
                0x00000000       0x40 Libraries\STM32F4xx_StdPeriph_Driver\src\stm32f4xx_rcc.o
 .text.RCC_AHB1PeriphClockLPModeCmd
                0x00000000       0x40 Libraries\STM32F4xx_StdPeriph_Driver\src\stm32f4xx_rcc.o
 .text.RCC_AHB2PeriphClockLPModeCmd
                0x00000000       0x40 Libraries\STM32F4xx_StdPeriph_Driver\src\stm32f4xx_rcc.o
 .text.RCC_AHB3PeriphClockLPModeCmd
                0x00000000       0x40 Libraries\STM32F4xx_StdPeriph_Driver\src\stm32f4xx_rcc.o
 .text.RCC_APB1PeriphClockLPModeCmd
                0x00000000       0x40 Libraries\STM32F4xx_StdPeriph_Driver\src\stm32f4xx_rcc.o
 .text.RCC_APB2PeriphClockLPModeCmd
                0x00000000       0x40 Libraries\STM32F4xx_StdPeriph_Driver\src\stm32f4xx_rcc.o
 .text.RCC_ITConfig
                0x00000000       0x4c Libraries\STM32F4xx_StdPeriph_Driver\src\stm32f4xx_rcc.o
 .text.RCC_GetFlagStatus
                0x00000000       0x74 Libraries\STM32F4xx_StdPeriph_Driver\src\stm32f4xx_rcc.o
 .text.RCC_ClearFlag
                0x00000000       0x20 Libraries\STM32F4xx_StdPeriph_Driver\src\stm32f4xx_rcc.o
 .text.RCC_GetITStatus
                0x00000000       0x38 Libraries\STM32F4xx_StdPeriph_Driver\src\stm32f4xx_rcc.o
 .text.RCC_ClearITPendingBit
                0x00000000       0x20 Libraries\STM32F4xx_StdPeriph_Driver\src\stm32f4xx_rcc.o
 .text          0x00000000        0x0 Libraries\STM32F4xx_StdPeriph_Driver\src\stm32f4xx_tim.o
 .data          0x00000000        0x0 Libraries\STM32F4xx_StdPeriph_Driver\src\stm32f4xx_tim.o
 .bss           0x00000000        0x0 Libraries\STM32F4xx_StdPeriph_Driver\src\stm32f4xx_tim.o
 .text.TIM_DeInit
                0x00000000      0x1c0 Libraries\STM32F4xx_StdPeriph_Driver\src\stm32f4xx_tim.o
 .text.TIM_TimeBaseStructInit
                0x00000000       0x34 Libraries\STM32F4xx_StdPeriph_Driver\src\stm32f4xx_tim.o
 .text.TIM_PrescalerConfig
                0x00000000       0x28 Libraries\STM32F4xx_StdPeriph_Driver\src\stm32f4xx_tim.o
 .text.TIM_CounterModeConfig
                0x00000000       0x38 Libraries\STM32F4xx_StdPeriph_Driver\src\stm32f4xx_tim.o
 .text.TIM_SetCounter
                0x00000000       0x1c Libraries\STM32F4xx_StdPeriph_Driver\src\stm32f4xx_tim.o
 .text.TIM_SetAutoreload
                0x00000000       0x1c Libraries\STM32F4xx_StdPeriph_Driver\src\stm32f4xx_tim.o
 .text.TIM_GetCounter
                0x00000000       0x18 Libraries\STM32F4xx_StdPeriph_Driver\src\stm32f4xx_tim.o
 .text.TIM_GetPrescaler
                0x00000000       0x1a Libraries\STM32F4xx_StdPeriph_Driver\src\stm32f4xx_tim.o
 .text.TIM_UpdateDisableConfig
                0x00000000       0x40 Libraries\STM32F4xx_StdPeriph_Driver\src\stm32f4xx_tim.o
 .text.TIM_UpdateRequestConfig
                0x00000000       0x40 Libraries\STM32F4xx_StdPeriph_Driver\src\stm32f4xx_tim.o
 .text.TIM_ARRPreloadConfig
                0x00000000       0x40 Libraries\STM32F4xx_StdPeriph_Driver\src\stm32f4xx_tim.o
 .text.TIM_SelectOnePulseMode
                0x00000000       0x38 Libraries\STM32F4xx_StdPeriph_Driver\src\stm32f4xx_tim.o
 .text.TIM_SetClockDivision
                0x00000000       0x38 Libraries\STM32F4xx_StdPeriph_Driver\src\stm32f4xx_tim.o
 .text.TIM_OC1Init
                0x00000000       0xf4 Libraries\STM32F4xx_StdPeriph_Driver\src\stm32f4xx_tim.o
 .text.TIM_OC2Init
                0x00000000      0x110 Libraries\STM32F4xx_StdPeriph_Driver\src\stm32f4xx_tim.o
 .text.TIM_OC3Init
                0x00000000      0x10c Libraries\STM32F4xx_StdPeriph_Driver\src\stm32f4xx_tim.o
 .text.TIM_OC4Init
                0x00000000       0xd0 Libraries\STM32F4xx_StdPeriph_Driver\src\stm32f4xx_tim.o
 .text.TIM_OCStructInit
                0x00000000       0x44 Libraries\STM32F4xx_StdPeriph_Driver\src\stm32f4xx_tim.o
 .text.TIM_SelectOCxM
                0x00000000       0xb2 Libraries\STM32F4xx_StdPeriph_Driver\src\stm32f4xx_tim.o
 .text.TIM_SetCompare1
                0x00000000       0x1c Libraries\STM32F4xx_StdPeriph_Driver\src\stm32f4xx_tim.o
 .text.TIM_SetCompare2
                0x00000000       0x1c Libraries\STM32F4xx_StdPeriph_Driver\src\stm32f4xx_tim.o
 .text.TIM_SetCompare3
                0x00000000       0x1c Libraries\STM32F4xx_StdPeriph_Driver\src\stm32f4xx_tim.o
 .text.TIM_SetCompare4
                0x00000000       0x1c Libraries\STM32F4xx_StdPeriph_Driver\src\stm32f4xx_tim.o
 .text.TIM_ForcedOC1Config
                0x00000000       0x38 Libraries\STM32F4xx_StdPeriph_Driver\src\stm32f4xx_tim.o
 .text.TIM_ForcedOC2Config
                0x00000000       0x3c Libraries\STM32F4xx_StdPeriph_Driver\src\stm32f4xx_tim.o
 .text.TIM_ForcedOC3Config
                0x00000000       0x38 Libraries\STM32F4xx_StdPeriph_Driver\src\stm32f4xx_tim.o
 .text.TIM_ForcedOC4Config
                0x00000000       0x3c Libraries\STM32F4xx_StdPeriph_Driver\src\stm32f4xx_tim.o
 .text.TIM_OC1PreloadConfig
                0x00000000       0x38 Libraries\STM32F4xx_StdPeriph_Driver\src\stm32f4xx_tim.o
 .text.TIM_OC2PreloadConfig
                0x00000000       0x3c Libraries\STM32F4xx_StdPeriph_Driver\src\stm32f4xx_tim.o
 .text.TIM_OC3PreloadConfig
                0x00000000       0x38 Libraries\STM32F4xx_StdPeriph_Driver\src\stm32f4xx_tim.o
 .text.TIM_OC4PreloadConfig
                0x00000000       0x3c Libraries\STM32F4xx_StdPeriph_Driver\src\stm32f4xx_tim.o
 .text.TIM_OC1FastConfig
                0x00000000       0x38 Libraries\STM32F4xx_StdPeriph_Driver\src\stm32f4xx_tim.o
 .text.TIM_OC2FastConfig
                0x00000000       0x3c Libraries\STM32F4xx_StdPeriph_Driver\src\stm32f4xx_tim.o
 .text.TIM_OC3FastConfig
                0x00000000       0x38 Libraries\STM32F4xx_StdPeriph_Driver\src\stm32f4xx_tim.o
 .text.TIM_OC4FastConfig
                0x00000000       0x3c Libraries\STM32F4xx_StdPeriph_Driver\src\stm32f4xx_tim.o
 .text.TIM_ClearOC1Ref
                0x00000000       0x38 Libraries\STM32F4xx_StdPeriph_Driver\src\stm32f4xx_tim.o
 .text.TIM_ClearOC2Ref
                0x00000000       0x3c Libraries\STM32F4xx_StdPeriph_Driver\src\stm32f4xx_tim.o
 .text.TIM_ClearOC3Ref
                0x00000000       0x38 Libraries\STM32F4xx_StdPeriph_Driver\src\stm32f4xx_tim.o
 .text.TIM_ClearOC4Ref
                0x00000000       0x3c Libraries\STM32F4xx_StdPeriph_Driver\src\stm32f4xx_tim.o
 .text.TIM_OC1PolarityConfig
                0x00000000       0x38 Libraries\STM32F4xx_StdPeriph_Driver\src\stm32f4xx_tim.o
 .text.TIM_OC1NPolarityConfig
                0x00000000       0x38 Libraries\STM32F4xx_StdPeriph_Driver\src\stm32f4xx_tim.o
 .text.TIM_OC2PolarityConfig
                0x00000000       0x3c Libraries\STM32F4xx_StdPeriph_Driver\src\stm32f4xx_tim.o
 .text.TIM_OC2NPolarityConfig
                0x00000000       0x3c Libraries\STM32F4xx_StdPeriph_Driver\src\stm32f4xx_tim.o
 .text.TIM_OC3PolarityConfig
                0x00000000       0x3c Libraries\STM32F4xx_StdPeriph_Driver\src\stm32f4xx_tim.o
 .text.TIM_OC3NPolarityConfig
                0x00000000       0x3c Libraries\STM32F4xx_StdPeriph_Driver\src\stm32f4xx_tim.o
 .text.TIM_OC4PolarityConfig
                0x00000000       0x3c Libraries\STM32F4xx_StdPeriph_Driver\src\stm32f4xx_tim.o
 .text.TIM_CCxCmd
                0x00000000       0x56 Libraries\STM32F4xx_StdPeriph_Driver\src\stm32f4xx_tim.o
 .text.TIM_CCxNCmd
                0x00000000       0x56 Libraries\STM32F4xx_StdPeriph_Driver\src\stm32f4xx_tim.o
 .text.TIM_ICInit
                0x00000000       0xa8 Libraries\STM32F4xx_StdPeriph_Driver\src\stm32f4xx_tim.o
 .text.TIM_ICStructInit
                0x00000000       0x32 Libraries\STM32F4xx_StdPeriph_Driver\src\stm32f4xx_tim.o
 .text.TIM_PWMIConfig
                0x00000000       0xb8 Libraries\STM32F4xx_StdPeriph_Driver\src\stm32f4xx_tim.o
 .text.TIM_GetCapture1
                0x00000000       0x18 Libraries\STM32F4xx_StdPeriph_Driver\src\stm32f4xx_tim.o
 .text.TIM_GetCapture2
                0x00000000       0x18 Libraries\STM32F4xx_StdPeriph_Driver\src\stm32f4xx_tim.o
 .text.TIM_GetCapture3
                0x00000000       0x18 Libraries\STM32F4xx_StdPeriph_Driver\src\stm32f4xx_tim.o
 .text.TIM_GetCapture4
                0x00000000       0x18 Libraries\STM32F4xx_StdPeriph_Driver\src\stm32f4xx_tim.o
 .text.TIM_SetIC1Prescaler
                0x00000000       0x38 Libraries\STM32F4xx_StdPeriph_Driver\src\stm32f4xx_tim.o
 .text.TIM_SetIC2Prescaler
                0x00000000       0x3c Libraries\STM32F4xx_StdPeriph_Driver\src\stm32f4xx_tim.o
 .text.TIM_SetIC3Prescaler
                0x00000000       0x38 Libraries\STM32F4xx_StdPeriph_Driver\src\stm32f4xx_tim.o
 .text.TIM_SetIC4Prescaler
                0x00000000       0x3c Libraries\STM32F4xx_StdPeriph_Driver\src\stm32f4xx_tim.o
 .text.TIM_BDTRConfig
                0x00000000       0x50 Libraries\STM32F4xx_StdPeriph_Driver\src\stm32f4xx_tim.o
 .text.TIM_BDTRStructInit
                0x00000000       0x3e Libraries\STM32F4xx_StdPeriph_Driver\src\stm32f4xx_tim.o
 .text.TIM_CtrlPWMOutputs
                0x00000000       0x4c Libraries\STM32F4xx_StdPeriph_Driver\src\stm32f4xx_tim.o
 .text.TIM_SelectCOM
                0x00000000       0x40 Libraries\STM32F4xx_StdPeriph_Driver\src\stm32f4xx_tim.o
 .text.TIM_CCPreloadControl
                0x00000000       0x40 Libraries\STM32F4xx_StdPeriph_Driver\src\stm32f4xx_tim.o
 .text.TIM_GenerateEvent
                0x00000000       0x1e Libraries\STM32F4xx_StdPeriph_Driver\src\stm32f4xx_tim.o
 .text.TIM_GetFlagStatus
                0x00000000       0x38 Libraries\STM32F4xx_StdPeriph_Driver\src\stm32f4xx_tim.o
 .text.TIM_ClearFlag
                0x00000000       0x22 Libraries\STM32F4xx_StdPeriph_Driver\src\stm32f4xx_tim.o
 .text.TIM_GetITStatus
                0x00000000       0x54 Libraries\STM32F4xx_StdPeriph_Driver\src\stm32f4xx_tim.o
 .text.TIM_DMAConfig
                0x00000000       0x2a Libraries\STM32F4xx_StdPeriph_Driver\src\stm32f4xx_tim.o
 .text.TIM_DMACmd
                0x00000000       0x48 Libraries\STM32F4xx_StdPeriph_Driver\src\stm32f4xx_tim.o
 .text.TIM_SelectCCDMA
                0x00000000       0x40 Libraries\STM32F4xx_StdPeriph_Driver\src\stm32f4xx_tim.o
 .text.TIM_InternalClockConfig
                0x00000000       0x24 Libraries\STM32F4xx_StdPeriph_Driver\src\stm32f4xx_tim.o
 .text.TIM_ITRxExternalClockConfig
                0x00000000       0x2e Libraries\STM32F4xx_StdPeriph_Driver\src\stm32f4xx_tim.o
 .text.TIM_TIxExternalClockConfig
                0x00000000       0x5c Libraries\STM32F4xx_StdPeriph_Driver\src\stm32f4xx_tim.o
 .text.TIM_ETRClockMode1Config
                0x00000000       0x5e Libraries\STM32F4xx_StdPeriph_Driver\src\stm32f4xx_tim.o
 .text.TIM_ETRClockMode2Config
                0x00000000       0x3e Libraries\STM32F4xx_StdPeriph_Driver\src\stm32f4xx_tim.o
 .text.TIM_SelectInputTrigger
                0x00000000       0x38 Libraries\STM32F4xx_StdPeriph_Driver\src\stm32f4xx_tim.o
 .text.TIM_SelectOutputTrigger
                0x00000000       0x38 Libraries\STM32F4xx_StdPeriph_Driver\src\stm32f4xx_tim.o
 .text.TIM_SelectSlaveMode
                0x00000000       0x38 Libraries\STM32F4xx_StdPeriph_Driver\src\stm32f4xx_tim.o
 .text.TIM_SelectMasterSlaveMode
                0x00000000       0x38 Libraries\STM32F4xx_StdPeriph_Driver\src\stm32f4xx_tim.o
 .text.TIM_ETRConfig
                0x00000000       0x54 Libraries\STM32F4xx_StdPeriph_Driver\src\stm32f4xx_tim.o
 .text.TIM_EncoderInterfaceConfig
                0x00000000       0x98 Libraries\STM32F4xx_StdPeriph_Driver\src\stm32f4xx_tim.o
 .text.TIM_SelectHallSensor
                0x00000000       0x40 Libraries\STM32F4xx_StdPeriph_Driver\src\stm32f4xx_tim.o
 .text.TIM_RemapConfig
                0x00000000       0x20 Libraries\STM32F4xx_StdPeriph_Driver\src\stm32f4xx_tim.o
 .text.TI1_Config
                0x00000000       0x86 Libraries\STM32F4xx_StdPeriph_Driver\src\stm32f4xx_tim.o
 .text.TI2_Config
                0x00000000       0x9a Libraries\STM32F4xx_StdPeriph_Driver\src\stm32f4xx_tim.o
 .text.TI3_Config
                0x00000000       0x90 Libraries\STM32F4xx_StdPeriph_Driver\src\stm32f4xx_tim.o
 .text.TI4_Config
                0x00000000       0x9e Libraries\STM32F4xx_StdPeriph_Driver\src\stm32f4xx_tim.o
 .text          0x00000000        0x0 Libraries\STM32F4xx_StdPeriph_Driver\src\stm32f4xx_usart.o
 .data          0x00000000        0x0 Libraries\STM32F4xx_StdPeriph_Driver\src\stm32f4xx_usart.o
 .bss           0x00000000        0x0 Libraries\STM32F4xx_StdPeriph_Driver\src\stm32f4xx_usart.o
 .text.USART_DeInit
                0x00000000      0x118 Libraries\STM32F4xx_StdPeriph_Driver\src\stm32f4xx_usart.o
 .text.USART_StructInit
                0x00000000       0x3a Libraries\STM32F4xx_StdPeriph_Driver\src\stm32f4xx_usart.o
 .text.USART_ClockInit
                0x00000000       0x56 Libraries\STM32F4xx_StdPeriph_Driver\src\stm32f4xx_usart.o
 .text.USART_ClockStructInit
                0x00000000       0x2c Libraries\STM32F4xx_StdPeriph_Driver\src\stm32f4xx_usart.o
 .text.USART_SetPrescaler
                0x00000000       0x3a Libraries\STM32F4xx_StdPeriph_Driver\src\stm32f4xx_usart.o
 .text.USART_OverSampling8Cmd
                0x00000000       0x44 Libraries\STM32F4xx_StdPeriph_Driver\src\stm32f4xx_usart.o
 .text.USART_OneBitMethodCmd
                0x00000000       0x40 Libraries\STM32F4xx_StdPeriph_Driver\src\stm32f4xx_usart.o
 .text.USART_ReceiveData
                0x00000000       0x20 Libraries\STM32F4xx_StdPeriph_Driver\src\stm32f4xx_usart.o
 .text.USART_SetAddress
                0x00000000       0x3a Libraries\STM32F4xx_StdPeriph_Driver\src\stm32f4xx_usart.o
 .text.USART_ReceiverWakeUpCmd
                0x00000000       0x40 Libraries\STM32F4xx_StdPeriph_Driver\src\stm32f4xx_usart.o
 .text.USART_WakeUpConfig
                0x00000000       0x38 Libraries\STM32F4xx_StdPeriph_Driver\src\stm32f4xx_usart.o
 .text.USART_LINBreakDetectLengthConfig
                0x00000000       0x38 Libraries\STM32F4xx_StdPeriph_Driver\src\stm32f4xx_usart.o
 .text.USART_LINCmd
                0x00000000       0x40 Libraries\STM32F4xx_StdPeriph_Driver\src\stm32f4xx_usart.o
 .text.USART_SendBreak
                0x00000000       0x24 Libraries\STM32F4xx_StdPeriph_Driver\src\stm32f4xx_usart.o
 .text.USART_HalfDuplexCmd
                0x00000000       0x40 Libraries\STM32F4xx_StdPeriph_Driver\src\stm32f4xx_usart.o
 .text.USART_SetGuardTime
                0x00000000       0x3c Libraries\STM32F4xx_StdPeriph_Driver\src\stm32f4xx_usart.o
 .text.USART_SmartCardCmd
                0x00000000       0x40 Libraries\STM32F4xx_StdPeriph_Driver\src\stm32f4xx_usart.o
 .text.USART_SmartCardNACKCmd
                0x00000000       0x40 Libraries\STM32F4xx_StdPeriph_Driver\src\stm32f4xx_usart.o
 .text.USART_IrDAConfig
                0x00000000       0x38 Libraries\STM32F4xx_StdPeriph_Driver\src\stm32f4xx_usart.o
 .text.USART_IrDACmd
                0x00000000       0x40 Libraries\STM32F4xx_StdPeriph_Driver\src\stm32f4xx_usart.o
 .text.USART_DMACmd
                0x00000000       0x48 Libraries\STM32F4xx_StdPeriph_Driver\src\stm32f4xx_usart.o
 .text.USART_ITConfig
                0x00000000       0x90 Libraries\STM32F4xx_StdPeriph_Driver\src\stm32f4xx_usart.o
 .text.USART_GetFlagStatus
                0x00000000       0x38 Libraries\STM32F4xx_StdPeriph_Driver\src\stm32f4xx_usart.o
 .text.USART_ClearFlag
                0x00000000       0x22 Libraries\STM32F4xx_StdPeriph_Driver\src\stm32f4xx_usart.o
 .text.USART_GetITStatus
                0x00000000       0xb6 Libraries\STM32F4xx_StdPeriph_Driver\src\stm32f4xx_usart.o
 .text.USART_ClearITPendingBit
                0x00000000       0x3a Libraries\STM32F4xx_StdPeriph_Driver\src\stm32f4xx_usart.o
 .text          0x00000000        0x0 src\main.o
 .data          0x00000000        0x0 src\main.o
 .bss           0x00000000        0x0 src\main.o
 .text          0x00000000       0x14 src\startup_stm32f40xx.o
 .data          0x00000000        0x0 src\startup_stm32f40xx.o
 .bss           0x00000000        0x0 src\startup_stm32f40xx.o
 .text          0x00000000        0x0 src\stm32f4xx_it.o
 .data          0x00000000        0x0 src\stm32f4xx_it.o
 .bss           0x00000000        0x0 src\stm32f4xx_it.o
 .text          0x00000000        0x0 src\system_stm32f4xx.o
 .data          0x00000000        0x0 src\system_stm32f4xx.o
 .bss           0x00000000        0x0 src\system_stm32f4xx.o
 .data.SystemCoreClock
                0x00000000        0x4 src\system_stm32f4xx.o
 .data.AHBPrescTable
                0x00000000       0x10 src\system_stm32f4xx.o
 .text.SystemCoreClockUpdate
                0x00000000       0xf8 src\system_stm32f4xx.o
 .text          0x00000000        0x0 src\tiny_printf.o
 .data          0x00000000        0x0 src\tiny_printf.o
 .bss           0x00000000        0x0 src\tiny_printf.o
 .text.ts_formatlength
                0x00000000      0x12c src\tiny_printf.o
 .text.fiprintf
                0x00000000       0x9a src\tiny_printf.o
 .text.iprintf  0x00000000       0x92 src\tiny_printf.o
 .rodata        0x00000000        0x2 src\tiny_printf.o
 .text.fputs    0x00000000       0x68 src\tiny_printf.o
 .text.puts     0x00000000       0x58 src\tiny_printf.o
 .text.fwrite   0x00000000       0x38 src\tiny_printf.o
 .text          0x00000000        0x0 c:/program files (x86)/atollic/truestudio for stm32 9.0.0/armtools/bin/../lib/gcc/arm-atollic-eabi/6.3.1/../../../../arm-atollic-eabi/lib/armv7e-m/fpu\libc_nano.a(lib_a-init.o)
 .data          0x00000000        0x0 c:/program files (x86)/atollic/truestudio for stm32 9.0.0/armtools/bin/../lib/gcc/arm-atollic-eabi/6.3.1/../../../../arm-atollic-eabi/lib/armv7e-m/fpu\libc_nano.a(lib_a-init.o)
 .bss           0x00000000        0x0 c:/program files (x86)/atollic/truestudio for stm32 9.0.0/armtools/bin/../lib/gcc/arm-atollic-eabi/6.3.1/../../../../arm-atollic-eabi/lib/armv7e-m/fpu\libc_nano.a(lib_a-init.o)
 .text          0x00000000       0x10 c:/program files (x86)/atollic/truestudio for stm32 9.0.0/armtools/bin/../lib/gcc/arm-atollic-eabi/6.3.1/../../../../arm-atollic-eabi/lib/armv7e-m/fpu\libc_nano.a(lib_a-strlen.o)
 .data          0x00000000        0x0 c:/program files (x86)/atollic/truestudio for stm32 9.0.0/armtools/bin/../lib/gcc/arm-atollic-eabi/6.3.1/../../../../arm-atollic-eabi/lib/armv7e-m/fpu\libc_nano.a(lib_a-strlen.o)
 .bss           0x00000000        0x0 c:/program files (x86)/atollic/truestudio for stm32 9.0.0/armtools/bin/../lib/gcc/arm-atollic-eabi/6.3.1/../../../../arm-atollic-eabi/lib/armv7e-m/fpu\libc_nano.a(lib_a-strlen.o)
 .ARM.attributes
                0x00000000       0x1b c:/program files (x86)/atollic/truestudio for stm32 9.0.0/armtools/bin/../lib/gcc/arm-atollic-eabi/6.3.1/../../../../arm-atollic-eabi/lib/armv7e-m/fpu\libc_nano.a(lib_a-strlen.o)
 .text          0x00000000        0x0 c:/program files (x86)/atollic/truestudio for stm32 9.0.0/armtools/bin/../lib/gcc/arm-atollic-eabi/6.3.1/../../../../arm-atollic-eabi/lib/armv7e-m/fpu\libnosys.a(write.o)
 .data          0x00000000        0x0 c:/program files (x86)/atollic/truestudio for stm32 9.0.0/armtools/bin/../lib/gcc/arm-atollic-eabi/6.3.1/../../../../arm-atollic-eabi/lib/armv7e-m/fpu\libnosys.a(write.o)
 .bss           0x00000000        0x0 c:/program files (x86)/atollic/truestudio for stm32 9.0.0/armtools/bin/../lib/gcc/arm-atollic-eabi/6.3.1/../../../../arm-atollic-eabi/lib/armv7e-m/fpu\libnosys.a(write.o)
 .stab          0x00000000       0x24 c:/program files (x86)/atollic/truestudio for stm32 9.0.0/armtools/bin/../lib/gcc/arm-atollic-eabi/6.3.1/../../../../arm-atollic-eabi/lib/armv7e-m/fpu\libnosys.a(write.o)
 .text._write   0x00000000       0x10 c:/program files (x86)/atollic/truestudio for stm32 9.0.0/armtools/bin/../lib/gcc/arm-atollic-eabi/6.3.1/../../../../arm-atollic-eabi/lib/armv7e-m/fpu\libnosys.a(write.o)
 .debug_frame   0x00000000       0x20 c:/program files (x86)/atollic/truestudio for stm32 9.0.0/armtools/bin/../lib/gcc/arm-atollic-eabi/6.3.1/../../../../arm-atollic-eabi/lib/armv7e-m/fpu\libnosys.a(write.o)
 .ARM.attributes
                0x00000000       0x34 c:/program files (x86)/atollic/truestudio for stm32 9.0.0/armtools/bin/../lib/gcc/arm-atollic-eabi/6.3.1/../../../../arm-atollic-eabi/lib/armv7e-m/fpu\libnosys.a(write.o)
 .text          0x00000000        0x0 c:/program files (x86)/atollic/truestudio for stm32 9.0.0/armtools/bin/../lib/gcc/arm-atollic-eabi/6.3.1/../../../../arm-atollic-eabi/lib/armv7e-m/fpu\libnosys.a(errno.o)
 .data          0x00000000        0x0 c:/program files (x86)/atollic/truestudio for stm32 9.0.0/armtools/bin/../lib/gcc/arm-atollic-eabi/6.3.1/../../../../arm-atollic-eabi/lib/armv7e-m/fpu\libnosys.a(errno.o)
 .bss           0x00000000        0x0 c:/program files (x86)/atollic/truestudio for stm32 9.0.0/armtools/bin/../lib/gcc/arm-atollic-eabi/6.3.1/../../../../arm-atollic-eabi/lib/armv7e-m/fpu\libnosys.a(errno.o)
 .ARM.attributes
                0x00000000       0x34 c:/program files (x86)/atollic/truestudio for stm32 9.0.0/armtools/bin/../lib/gcc/arm-atollic-eabi/6.3.1/../../../../arm-atollic-eabi/lib/armv7e-m/fpu\libnosys.a(errno.o)
 COMMON         0x00000000        0x4 c:/program files (x86)/atollic/truestudio for stm32 9.0.0/armtools/bin/../lib/gcc/arm-atollic-eabi/6.3.1/../../../../arm-atollic-eabi/lib/armv7e-m/fpu\libnosys.a(errno.o)
 .text          0x00000000        0x0 c:/program files (x86)/atollic/truestudio for stm32 9.0.0/armtools/bin/../lib/gcc/arm-atollic-eabi/6.3.1/armv7e-m/fpu/crtend.o
 .data          0x00000000        0x0 c:/program files (x86)/atollic/truestudio for stm32 9.0.0/armtools/bin/../lib/gcc/arm-atollic-eabi/6.3.1/armv7e-m/fpu/crtend.o
 .bss           0x00000000        0x0 c:/program files (x86)/atollic/truestudio for stm32 9.0.0/armtools/bin/../lib/gcc/arm-atollic-eabi/6.3.1/armv7e-m/fpu/crtend.o
 .eh_frame      0x00000000        0x4 c:/program files (x86)/atollic/truestudio for stm32 9.0.0/armtools/bin/../lib/gcc/arm-atollic-eabi/6.3.1/armv7e-m/fpu/crtend.o
 .ARM.attributes
                0x00000000       0x34 c:/program files (x86)/atollic/truestudio for stm32 9.0.0/armtools/bin/../lib/gcc/arm-atollic-eabi/6.3.1/armv7e-m/fpu/crtend.o
 .text          0x00000000        0x0 c:/program files (x86)/atollic/truestudio for stm32 9.0.0/armtools/bin/../lib/gcc/arm-atollic-eabi/6.3.1/armv7e-m/fpu/crtn.o
 .data          0x00000000        0x0 c:/program files (x86)/atollic/truestudio for stm32 9.0.0/armtools/bin/../lib/gcc/arm-atollic-eabi/6.3.1/armv7e-m/fpu/crtn.o
 .bss           0x00000000        0x0 c:/program files (x86)/atollic/truestudio for stm32 9.0.0/armtools/bin/../lib/gcc/arm-atollic-eabi/6.3.1/armv7e-m/fpu/crtn.o

Memory Configuration

Name             Origin             Length             Attributes
FLASH            0x08000000         0x00100000         xr
RAM              0x20000000         0x00020000         xrw
MEMORY_B1        0x60000000         0x00000000         xr
CCMRAM           0x10000000         0x00010000         rw
*default*        0x00000000         0xffffffff

Linker script and memory map

LOAD c:/program files (x86)/atollic/truestudio for stm32 9.0.0/armtools/bin/../lib/gcc/arm-atollic-eabi/6.3.1/armv7e-m/fpu/crti.o
LOAD c:/program files (x86)/atollic/truestudio for stm32 9.0.0/armtools/bin/../lib/gcc/arm-atollic-eabi/6.3.1/armv7e-m/fpu/crtbegin.o
LOAD Libraries\STM32F4xx_StdPeriph_Driver\src\misc.o
LOAD Libraries\STM32F4xx_StdPeriph_Driver\src\stm32f4xx_gpio.o
LOAD Libraries\STM32F4xx_StdPeriph_Driver\src\stm32f4xx_rcc.o
LOAD Libraries\STM32F4xx_StdPeriph_Driver\src\stm32f4xx_tim.o
LOAD Libraries\STM32F4xx_StdPeriph_Driver\src\stm32f4xx_usart.o
LOAD src\main.o
LOAD src\startup_stm32f40xx.o
LOAD src\stm32f4xx_it.o
LOAD src\system_stm32f4xx.o
LOAD src\tiny_printf.o
                0x00000080                malloc_getpagesize_P = 0x80
START GROUP
LOAD c:/program files (x86)/atollic/truestudio for stm32 9.0.0/armtools/bin/../lib/gcc/arm-atollic-eabi/6.3.1/../../../../arm-atollic-eabi/lib/armv7e-m/fpu\libc_nano.a
LOAD c:/program files (x86)/atollic/truestudio for stm32 9.0.0/armtools/bin/../lib/gcc/arm-atollic-eabi/6.3.1/../../../../arm-atollic-eabi/lib/armv7e-m/fpu\libm.a
END GROUP
START GROUP
LOAD c:/program files (x86)/atollic/truestudio for stm32 9.0.0/armtools/bin/../lib/gcc/arm-atollic-eabi/6.3.1/armv7e-m/fpu\libgcc.a
LOAD c:/program files (x86)/atollic/truestudio for stm32 9.0.0/armtools/bin/../lib/gcc/arm-atollic-eabi/6.3.1/../../../../arm-atollic-eabi/lib/armv7e-m/fpu\libc_nano.a
END GROUP
START GROUP
LOAD c:/program files (x86)/atollic/truestudio for stm32 9.0.0/armtools/bin/../lib/gcc/arm-atollic-eabi/6.3.1/armv7e-m/fpu\libgcc.a
LOAD c:/program files (x86)/atollic/truestudio for stm32 9.0.0/armtools/bin/../lib/gcc/arm-atollic-eabi/6.3.1/../../../../arm-atollic-eabi/lib/armv7e-m/fpu\libc_nano.a
LOAD c:/program files (x86)/atollic/truestudio for stm32 9.0.0/armtools/bin/../lib/gcc/arm-atollic-eabi/6.3.1/../../../../arm-atollic-eabi/lib/armv7e-m/fpu\libnosys.a
END GROUP
START GROUP
LOAD c:/program files (x86)/atollic/truestudio for stm32 9.0.0/armtools/bin/../lib/gcc/arm-atollic-eabi/6.3.1/armv7e-m/fpu\libgcc.a
LOAD c:/program files (x86)/atollic/truestudio for stm32 9.0.0/armtools/bin/../lib/gcc/arm-atollic-eabi/6.3.1/../../../../arm-atollic-eabi/lib/armv7e-m/fpu\libc_nano.a
LOAD c:/program files (x86)/atollic/truestudio for stm32 9.0.0/armtools/bin/../lib/gcc/arm-atollic-eabi/6.3.1/../../../../arm-atollic-eabi/lib/armv7e-m/fpu\libnosys.a
END GROUP
LOAD c:/program files (x86)/atollic/truestudio for stm32 9.0.0/armtools/bin/../lib/gcc/arm-atollic-eabi/6.3.1/armv7e-m/fpu/crtend.o
LOAD c:/program files (x86)/atollic/truestudio for stm32 9.0.0/armtools/bin/../lib/gcc/arm-atollic-eabi/6.3.1/armv7e-m/fpu/crtn.o
                0x20020000                _estack = 0x20020000
                0x00000000                _Min_Heap_Size = 0x0
                0x00000400                _Min_Stack_Size = 0x400

.isr_vector     0x08000000      0x188
                0x08000000                . = ALIGN (0x4)
 *(.isr_vector)
 .isr_vector    0x08000000      0x188 src\startup_stm32f40xx.o
                0x08000000                g_pfnVectors
                0x08000188                . = ALIGN (0x4)

.text           0x08000188      0xe04
                0x08000188                . = ALIGN (0x4)
 *(.text)
 .text          0x08000188       0x40 c:/program files (x86)/atollic/truestudio for stm32 9.0.0/armtools/bin/../lib/gcc/arm-atollic-eabi/6.3.1/armv7e-m/fpu/crtbegin.o
 *(.text*)
 .text.GPIO_Init
                0x080001c8      0x11c Libraries\STM32F4xx_StdPeriph_Driver\src\stm32f4xx_gpio.o
                0x080001c8                GPIO_Init
 .text.GPIO_ToggleBits
                0x080002e4       0x24 Libraries\STM32F4xx_StdPeriph_Driver\src\stm32f4xx_gpio.o
                0x080002e4                GPIO_ToggleBits
 .text.GPIO_PinAFConfig
                0x08000308       0x92 Libraries\STM32F4xx_StdPeriph_Driver\src\stm32f4xx_gpio.o
                0x08000308                GPIO_PinAFConfig
 *fill*         0x0800039a        0x2 
 .text.RCC_GetClocksFreq
                0x0800039c      0x150 Libraries\STM32F4xx_StdPeriph_Driver\src\stm32f4xx_rcc.o
                0x0800039c                RCC_GetClocksFreq
 .text.RCC_AHB1PeriphClockCmd
                0x080004ec       0x40 Libraries\STM32F4xx_StdPeriph_Driver\src\stm32f4xx_rcc.o
                0x080004ec                RCC_AHB1PeriphClockCmd
 .text.RCC_APB1PeriphClockCmd
                0x0800052c       0x40 Libraries\STM32F4xx_StdPeriph_Driver\src\stm32f4xx_rcc.o
                0x0800052c                RCC_APB1PeriphClockCmd
 .text.RCC_APB2PeriphClockCmd
                0x0800056c       0x40 Libraries\STM32F4xx_StdPeriph_Driver\src\stm32f4xx_rcc.o
                0x0800056c                RCC_APB2PeriphClockCmd
 .text.TIM_TimeBaseInit
                0x080005ac       0xd8 Libraries\STM32F4xx_StdPeriph_Driver\src\stm32f4xx_tim.o
                0x080005ac                TIM_TimeBaseInit
 .text.TIM_Cmd  0x08000684       0x40 Libraries\STM32F4xx_StdPeriph_Driver\src\stm32f4xx_tim.o
                0x08000684                TIM_Cmd
 .text.TIM_ITConfig
                0x080006c4       0x48 Libraries\STM32F4xx_StdPeriph_Driver\src\stm32f4xx_tim.o
                0x080006c4                TIM_ITConfig
 .text.TIM_ClearITPendingBit
                0x0800070c       0x22 Libraries\STM32F4xx_StdPeriph_Driver\src\stm32f4xx_tim.o
                0x0800070c                TIM_ClearITPendingBit
 *fill*         0x0800072e        0x2 
 .text.USART_Init
                0x08000730      0x174 Libraries\STM32F4xx_StdPeriph_Driver\src\stm32f4xx_usart.o
                0x08000730                USART_Init
 .text.USART_Cmd
                0x080008a4       0x40 Libraries\STM32F4xx_StdPeriph_Driver\src\stm32f4xx_usart.o
                0x080008a4                USART_Cmd
 .text.USART_SendData
                0x080008e4       0x24 Libraries\STM32F4xx_StdPeriph_Driver\src\stm32f4xx_usart.o
                0x080008e4                USART_SendData
 .text.NVIC_EnableIRQ
                0x08000908       0x34 src\main.o
 .text.main     0x0800093c       0x40 src\main.o
                0x0800093c                main
 .text.TIM1_UP_TIM10_IRQHandler
                0x0800097c       0x4c src\main.o
                0x0800097c                TIM1_UP_TIM10_IRQHandler
 .text.sendUSART
                0x080009c8       0x48 src\main.o
                0x080009c8                sendUSART
 .text.initUSART
                0x08000a10       0x48 src\main.o
                0x08000a10                initUSART
 .text.initPinsUSART
                0x08000a58       0x44 src\main.o
                0x08000a58                initPinsUSART
 .text.initTIM10
                0x08000a9c       0x54 src\main.o
                0x08000a9c                initTIM10
 .text.initLED  0x08000af0       0x3c src\main.o
                0x08000af0                initLED
 .text.Reset_Handler
                0x08000b2c       0x50 src\startup_stm32f40xx.o
                0x08000b2c                Reset_Handler
 .text.Default_Handler
                0x08000b7c        0x2 src\startup_stm32f40xx.o
                0x08000b7c                RTC_Alarm_IRQHandler
                0x08000b7c                HASH_RNG_IRQHandler
                0x08000b7c                EXTI2_IRQHandler
                0x08000b7c                TIM8_CC_IRQHandler
                0x08000b7c                TIM1_CC_IRQHandler
                0x08000b7c                DMA2_Stream5_IRQHandler
                0x08000b7c                DMA1_Stream5_IRQHandler
                0x08000b7c                PVD_IRQHandler
                0x08000b7c                SDIO_IRQHandler
                0x08000b7c                TAMP_STAMP_IRQHandler
                0x08000b7c                CAN2_RX1_IRQHandler
                0x08000b7c                EXTI3_IRQHandler
                0x08000b7c                TIM8_TRG_COM_TIM14_IRQHandler
                0x08000b7c                TIM8_UP_TIM13_IRQHandler
                0x08000b7c                I2C3_ER_IRQHandler
                0x08000b7c                EXTI0_IRQHandler
                0x08000b7c                I2C2_EV_IRQHandler
                0x08000b7c                DMA1_Stream2_IRQHandler
                0x08000b7c                CAN1_RX0_IRQHandler
                0x08000b7c                FPU_IRQHandler
                0x08000b7c                OTG_HS_WKUP_IRQHandler
                0x08000b7c                CAN2_SCE_IRQHandler
                0x08000b7c                DMA2_Stream2_IRQHandler
                0x08000b7c                SPI1_IRQHandler
                0x08000b7c                TIM6_DAC_IRQHandler
                0x08000b7c                TIM1_BRK_TIM9_IRQHandler
                0x08000b7c                DCMI_IRQHandler
                0x08000b7c                CAN2_RX0_IRQHandler
                0x08000b7c                DMA2_Stream3_IRQHandler
                0x08000b7c                USART6_IRQHandler
                0x08000b7c                USART3_IRQHandler
                0x08000b7c                CRYP_IRQHandler
                0x08000b7c                CAN1_RX1_IRQHandler
                0x08000b7c                UART5_IRQHandler
                0x08000b7c                DMA2_Stream0_IRQHandler
                0x08000b7c                TIM4_IRQHandler
                0x08000b7c                I2C1_EV_IRQHandler
                0x08000b7c                DMA1_Stream6_IRQHandler
                0x08000b7c                DMA1_Stream1_IRQHandler
                0x08000b7c                UART4_IRQHandler
                0x08000b7c                TIM3_IRQHandler
                0x08000b7c                RCC_IRQHandler
                0x08000b7c                TIM8_BRK_TIM12_IRQHandler
                0x08000b7c                Default_Handler
                0x08000b7c                EXTI15_10_IRQHandler
                0x08000b7c                ADC_IRQHandler
                0x08000b7c                DMA1_Stream7_IRQHandler
                0x08000b7c                TIM7_IRQHandler
                0x08000b7c                CAN2_TX_IRQHandler
                0x08000b7c                TIM5_IRQHandler
                0x08000b7c                DMA2_Stream7_IRQHandler
                0x08000b7c                I2C3_EV_IRQHandler
                0x08000b7c                EXTI9_5_IRQHandler
                0x08000b7c                RTC_WKUP_IRQHandler
                0x08000b7c                ETH_WKUP_IRQHandler
                0x08000b7c                SPI2_IRQHandler
                0x08000b7c                OTG_HS_EP1_IN_IRQHandler
                0x08000b7c                DMA1_Stream0_IRQHandler
                0x08000b7c                CAN1_TX_IRQHandler
                0x08000b7c                EXTI4_IRQHandler
                0x08000b7c                FSMC_IRQHandler
                0x08000b7c                ETH_IRQHandler
                0x08000b7c                OTG_HS_EP1_OUT_IRQHandler
                0x08000b7c                WWDG_IRQHandler
                0x08000b7c                TIM2_IRQHandler
                0x08000b7c                OTG_FS_WKUP_IRQHandler
                0x08000b7c                TIM1_TRG_COM_TIM11_IRQHandler
                0x08000b7c                OTG_HS_IRQHandler
                0x08000b7c                EXTI1_IRQHandler
                0x08000b7c                USART2_IRQHandler
                0x08000b7c                I2C2_ER_IRQHandler
                0x08000b7c                DMA2_Stream1_IRQHandler
                0x08000b7c                CAN1_SCE_IRQHandler
                0x08000b7c                FLASH_IRQHandler
                0x08000b7c                DMA2_Stream4_IRQHandler
                0x08000b7c                USART1_IRQHandler
                0x08000b7c                OTG_FS_IRQHandler
                0x08000b7c                SPI3_IRQHandler
                0x08000b7c                DMA1_Stream4_IRQHandler
                0x08000b7c                I2C1_ER_IRQHandler
                0x08000b7c                DMA2_Stream6_IRQHandler
                0x08000b7c                DMA1_Stream3_IRQHandler
 .text.NMI_Handler
                0x08000b7e        0xe src\stm32f4xx_it.o
                0x08000b7e                NMI_Handler
 .text.HardFault_Handler
                0x08000b8c        0x6 src\stm32f4xx_it.o
                0x08000b8c                HardFault_Handler
 .text.MemManage_Handler
                0x08000b92        0x6 src\stm32f4xx_it.o
                0x08000b92                MemManage_Handler
 .text.BusFault_Handler
                0x08000b98        0x6 src\stm32f4xx_it.o
                0x08000b98                BusFault_Handler
 .text.UsageFault_Handler
                0x08000b9e        0x6 src\stm32f4xx_it.o
                0x08000b9e                UsageFault_Handler
 .text.SVC_Handler
                0x08000ba4        0xe src\stm32f4xx_it.o
                0x08000ba4                SVC_Handler
 .text.DebugMon_Handler
                0x08000bb2        0xe src\stm32f4xx_it.o
                0x08000bb2                DebugMon_Handler
 .text.PendSV_Handler
                0x08000bc0        0xe src\stm32f4xx_it.o
                0x08000bc0                PendSV_Handler
 .text.SysTick_Handler
                0x08000bce        0xe src\stm32f4xx_it.o
                0x08000bce                SysTick_Handler
 .text.SystemInit
                0x08000bdc       0x6c src\system_stm32f4xx.o
                0x08000bdc                SystemInit
 .text.SetSysClock
                0x08000c48       0xf8 src\system_stm32f4xx.o
 .text.ts_itoa  0x08000d40       0x92 src\tiny_printf.o
                0x08000d40                ts_itoa
 .text.ts_formatstring
                0x08000dd2      0x12e src\tiny_printf.o
                0x08000dd2                ts_formatstring
 .text.siprintf
                0x08000f00       0x2c src\tiny_printf.o
                0x08000f00                siprintf
                0x08000f00                sprintf
 .text.__libc_init_array
                0x08000f2c       0x48 c:/program files (x86)/atollic/truestudio for stm32 9.0.0/armtools/bin/../lib/gcc/arm-atollic-eabi/6.3.1/../../../../arm-atollic-eabi/lib/armv7e-m/fpu\libc_nano.a(lib_a-init.o)
                0x08000f2c                __libc_init_array
 *(.glue_7)
 .glue_7        0x08000f74        0x0 linker stubs
 *(.glue_7t)
 .glue_7t       0x08000f74        0x0 linker stubs
 *(.eh_frame)
 .eh_frame      0x08000f74        0x0 c:/program files (x86)/atollic/truestudio for stm32 9.0.0/armtools/bin/../lib/gcc/arm-atollic-eabi/6.3.1/armv7e-m/fpu/crtbegin.o
 *(.init)
 .init          0x08000f74        0x4 c:/program files (x86)/atollic/truestudio for stm32 9.0.0/armtools/bin/../lib/gcc/arm-atollic-eabi/6.3.1/armv7e-m/fpu/crti.o
                0x08000f74                _init
 .init          0x08000f78        0x8 c:/program files (x86)/atollic/truestudio for stm32 9.0.0/armtools/bin/../lib/gcc/arm-atollic-eabi/6.3.1/armv7e-m/fpu/crtn.o
 *(.fini)
 .fini          0x08000f80        0x4 c:/program files (x86)/atollic/truestudio for stm32 9.0.0/armtools/bin/../lib/gcc/arm-atollic-eabi/6.3.1/armv7e-m/fpu/crti.o
                0x08000f80                _fini
 .fini          0x08000f84        0x8 c:/program files (x86)/atollic/truestudio for stm32 9.0.0/armtools/bin/../lib/gcc/arm-atollic-eabi/6.3.1/armv7e-m/fpu/crtn.o
                0x08000f8c                . = ALIGN (0x4)
                0x08000f8c                _etext = .

.vfp11_veneer   0x08000f8c        0x0
 .vfp11_veneer  0x08000f8c        0x0 linker stubs

.v4_bx          0x08000f8c        0x0
 .v4_bx         0x08000f8c        0x0 linker stubs

.iplt           0x08000f8c        0x0
 .iplt          0x08000f8c        0x0 c:/program files (x86)/atollic/truestudio for stm32 9.0.0/armtools/bin/../lib/gcc/arm-atollic-eabi/6.3.1/armv7e-m/fpu/crtbegin.o

.rodata         0x08000f8c       0x24
                0x08000f8c                . = ALIGN (0x4)
 *(.rodata)
 .rodata        0x08000f8c       0x24 src\main.o
 *(.rodata*)
                0x08000fb0                . = ALIGN (0x4)

.rel.dyn        0x08000fb0        0x0
 .rel.iplt      0x08000fb0        0x0 c:/program files (x86)/atollic/truestudio for stm32 9.0.0/armtools/bin/../lib/gcc/arm-atollic-eabi/6.3.1/armv7e-m/fpu/crtbegin.o

.ARM.extab
 *(.ARM.extab* .gnu.linkonce.armextab.*)

.ARM            0x08000fb0        0x0
                0x08000fb0                __exidx_start = .
 *(.ARM.exidx*)
                0x08000fb0                __exidx_end = .

.preinit_array  0x08000fb0        0x0
                0x08000fb0                PROVIDE (__preinit_array_start, .)
 *(.preinit_array*)
                0x08000fb0                PROVIDE (__preinit_array_end, .)

.init_array     0x08000fb0        0x4
                0x08000fb0                PROVIDE (__init_array_start, .)
 *(SORT(.init_array.*))
 *(.init_array*)
 .init_array    0x08000fb0        0x4 c:/program files (x86)/atollic/truestudio for stm32 9.0.0/armtools/bin/../lib/gcc/arm-atollic-eabi/6.3.1/armv7e-m/fpu/crtbegin.o
                0x08000fb4                PROVIDE (__init_array_end, .)

.fini_array     0x08000fb4        0x4
                [!provide]                PROVIDE (__fini_array_start, .)
 *(SORT(.fini_array.*))
 *(.fini_array*)
 .fini_array    0x08000fb4        0x4 c:/program files (x86)/atollic/truestudio for stm32 9.0.0/armtools/bin/../lib/gcc/arm-atollic-eabi/6.3.1/armv7e-m/fpu/crtbegin.o
                [!provide]                PROVIDE (__fini_array_end, .)
                0x08000fb8                _sidata = LOADADDR (.data)

.data           0x20000000       0x10 load address 0x08000fb8
                0x20000000                . = ALIGN (0x4)
                0x20000000                _sdata = .
 *(.data)
 *(.data*)
 .data.APBAHBPrescTable
                0x20000000       0x10 Libraries\STM32F4xx_StdPeriph_Driver\src\stm32f4xx_rcc.o
                0x20000010                . = ALIGN (0x4)
                0x20000010                _edata = .
                0x08000fc8                _siccmram = LOADADDR (.ccmram)

.igot.plt       0x20000010        0x0 load address 0x08000fc8
 .igot.plt      0x20000010        0x0 c:/program files (x86)/atollic/truestudio for stm32 9.0.0/armtools/bin/../lib/gcc/arm-atollic-eabi/6.3.1/armv7e-m/fpu/crtbegin.o

.ccmram         0x10000000        0x0 load address 0x08000fc8
                0x10000000                . = ALIGN (0x4)
                0x10000000                _sccmram = .
 *(.ccmram)
 *(.ccmram*)
                0x10000000                . = ALIGN (0x4)
                0x10000000                _eccmram = .
                0x10000000                . = ALIGN (0x4)

.bss            0x20000010       0x34
                0x20000010                _sbss = .
                0x20000010                __bss_start__ = _sbss
 *(.bss)
 .bss           0x20000010       0x1c c:/program files (x86)/atollic/truestudio for stm32 9.0.0/armtools/bin/../lib/gcc/arm-atollic-eabi/6.3.1/armv7e-m/fpu/crtbegin.o
 *(.bss*)
 .bss.count     0x2000002c        0x4 src\main.o
                0x2000002c                count
 *(COMMON)
 COMMON         0x20000030       0x14 src\main.o
                0x20000030                couChar
                0x20000044                . = ALIGN (0x4)
                0x20000044                _ebss = .
                0x20000044                __bss_end__ = _ebss

._user_heap_stack
                0x20000044      0x400
                0x20000044                . = ALIGN (0x4)
                [!provide]                PROVIDE (end, .)
                [!provide]                PROVIDE (_end, .)
                0x20000044                . = (. + _Min_Heap_Size)
                0x20000444                . = (. + _Min_Stack_Size)
 *fill*         0x20000044      0x400 
                0x20000444                . = ALIGN (0x4)

.memory_b1_text
 *(.mb1text)
 *(.mb1text*)
 *(.mb1rodata)
 *(.mb1rodata*)

/DISCARD/
 libc.a(*)
 libm.a(*)
 libgcc.a(*)

.ARM.attributes
                0x00000000       0x30
 *(.ARM.attributes)
 .ARM.attributes
                0x00000000       0x22 c:/program files (x86)/atollic/truestudio for stm32 9.0.0/armtools/bin/../lib/gcc/arm-atollic-eabi/6.3.1/armv7e-m/fpu/crti.o
 .ARM.attributes
                0x00000022       0x34 c:/program files (x86)/atollic/truestudio for stm32 9.0.0/armtools/bin/../lib/gcc/arm-atollic-eabi/6.3.1/armv7e-m/fpu/crtbegin.o
 .ARM.attributes
                0x00000056       0x39 Libraries\STM32F4xx_StdPeriph_Driver\src\stm32f4xx_gpio.o
 .ARM.attributes
                0x0000008f       0x39 Libraries\STM32F4xx_StdPeriph_Driver\src\stm32f4xx_rcc.o
 .ARM.attributes
                0x000000c8       0x39 Libraries\STM32F4xx_StdPeriph_Driver\src\stm32f4xx_tim.o
 .ARM.attributes
                0x00000101       0x39 Libraries\STM32F4xx_StdPeriph_Driver\src\stm32f4xx_usart.o
 .ARM.attributes
                0x0000013a       0x39 src\main.o
 .ARM.attributes
                0x00000173       0x21 src\startup_stm32f40xx.o
 .ARM.attributes
                0x00000194       0x39 src\stm32f4xx_it.o
 .ARM.attributes
                0x000001cd       0x39 src\system_stm32f4xx.o
 .ARM.attributes
                0x00000206       0x39 src\tiny_printf.o
 .ARM.attributes
                0x0000023f       0x34 c:/program files (x86)/atollic/truestudio for stm32 9.0.0/armtools/bin/../lib/gcc/arm-atollic-eabi/6.3.1/../../../../arm-atollic-eabi/lib/armv7e-m/fpu\libc_nano.a(lib_a-init.o)
 .ARM.attributes
                0x00000273       0x22 c:/program files (x86)/atollic/truestudio for stm32 9.0.0/armtools/bin/../lib/gcc/arm-atollic-eabi/6.3.1/armv7e-m/fpu/crtn.o
OUTPUT(USART.elf elf32-littlearm)

.debug_info     0x00000000     0x6021
 .debug_info    0x00000000      0x628 Libraries\STM32F4xx_StdPeriph_Driver\src\stm32f4xx_gpio.o
 .debug_info    0x00000628      0xc98 Libraries\STM32F4xx_StdPeriph_Driver\src\stm32f4xx_rcc.o
 .debug_info    0x000012c0     0x1c74 Libraries\STM32F4xx_StdPeriph_Driver\src\stm32f4xx_tim.o
 .debug_info    0x00002f34      0x9d5 Libraries\STM32F4xx_StdPeriph_Driver\src\stm32f4xx_usart.o
 .debug_info    0x00003909     0x130f src\main.o
 .debug_info    0x00004c18       0x60 src\startup_stm32f40xx.o
 .debug_info    0x00004c78      0x154 src\stm32f4xx_it.o
 .debug_info    0x00004dcc      0x5dd src\system_stm32f4xx.o
 .debug_info    0x000053a9      0xc78 src\tiny_printf.o

.debug_abbrev   0x00000000      0xdcc
 .debug_abbrev  0x00000000      0x1b8 Libraries\STM32F4xx_StdPeriph_Driver\src\stm32f4xx_gpio.o
 .debug_abbrev  0x000001b8      0x1f8 Libraries\STM32F4xx_StdPeriph_Driver\src\stm32f4xx_rcc.o
 .debug_abbrev  0x000003b0      0x19a Libraries\STM32F4xx_StdPeriph_Driver\src\stm32f4xx_tim.o
 .debug_abbrev  0x0000054a      0x182 Libraries\STM32F4xx_StdPeriph_Driver\src\stm32f4xx_usart.o
 .debug_abbrev  0x000006cc      0x2bc src\main.o
 .debug_abbrev  0x00000988       0x12 src\startup_stm32f40xx.o
 .debug_abbrev  0x0000099a       0x78 src\stm32f4xx_it.o
 .debug_abbrev  0x00000a12      0x158 src\system_stm32f4xx.o
 .debug_abbrev  0x00000b6a      0x262 src\tiny_printf.o

.debug_aranges  0x00000000      0x770
 .debug_aranges
                0x00000000       0x88 Libraries\STM32F4xx_StdPeriph_Driver\src\stm32f4xx_gpio.o
 .debug_aranges
                0x00000088      0x180 Libraries\STM32F4xx_StdPeriph_Driver\src\stm32f4xx_rcc.o
 .debug_aranges
                0x00000208      0x2f8 Libraries\STM32F4xx_StdPeriph_Driver\src\stm32f4xx_tim.o
 .debug_aranges
                0x00000500      0x100 Libraries\STM32F4xx_StdPeriph_Driver\src\stm32f4xx_usart.o
 .debug_aranges
                0x00000600       0x58 src\main.o
 .debug_aranges
                0x00000658       0x28 src\startup_stm32f40xx.o
 .debug_aranges
                0x00000680       0x60 src\stm32f4xx_it.o
 .debug_aranges
                0x000006e0       0x30 src\system_stm32f4xx.o
 .debug_aranges
                0x00000710       0x60 src\tiny_printf.o

.debug_ranges   0x00000000      0x6e8
 .debug_ranges  0x00000000       0x78 Libraries\STM32F4xx_StdPeriph_Driver\src\stm32f4xx_gpio.o
 .debug_ranges  0x00000078      0x170 Libraries\STM32F4xx_StdPeriph_Driver\src\stm32f4xx_rcc.o
 .debug_ranges  0x000001e8      0x2e8 Libraries\STM32F4xx_StdPeriph_Driver\src\stm32f4xx_tim.o
 .debug_ranges  0x000004d0       0xf0 Libraries\STM32F4xx_StdPeriph_Driver\src\stm32f4xx_usart.o
 .debug_ranges  0x000005c0       0x48 src\main.o
 .debug_ranges  0x00000608       0x20 src\startup_stm32f40xx.o
 .debug_ranges  0x00000628       0x50 src\stm32f4xx_it.o
 .debug_ranges  0x00000678       0x20 src\system_stm32f4xx.o
 .debug_ranges  0x00000698       0x50 src\tiny_printf.o

.debug_line     0x00000000     0x23e9
 .debug_line    0x00000000      0x375 Libraries\STM32F4xx_StdPeriph_Driver\src\stm32f4xx_gpio.o
 .debug_line    0x00000375      0x5cd Libraries\STM32F4xx_StdPeriph_Driver\src\stm32f4xx_rcc.o
 .debug_line    0x00000942      0xad6 Libraries\STM32F4xx_StdPeriph_Driver\src\stm32f4xx_tim.o
 .debug_line    0x00001418      0x4df Libraries\STM32F4xx_StdPeriph_Driver\src\stm32f4xx_usart.o
 .debug_line    0x000018f7      0x379 src\main.o
 .debug_line    0x00001c70       0x7a src\startup_stm32f40xx.o
 .debug_line    0x00001cea      0x227 src\stm32f4xx_it.o
 .debug_line    0x00001f11      0x219 src\system_stm32f4xx.o
 .debug_line    0x0000212a      0x2bf src\tiny_printf.o

.debug_str      0x00000000     0x2700
 .debug_str     0x00000000      0x4bb Libraries\STM32F4xx_StdPeriph_Driver\src\stm32f4xx_gpio.o
                                0x511 (size before relaxing)
 .debug_str     0x000004bb      0x6b7 Libraries\STM32F4xx_StdPeriph_Driver\src\stm32f4xx_rcc.o
                                0x8e7 (size before relaxing)
 .debug_str     0x00000b72      0xb7c Libraries\STM32F4xx_StdPeriph_Driver\src\stm32f4xx_tim.o
                                0xe3e (size before relaxing)
 .debug_str     0x000016ee      0x42a Libraries\STM32F4xx_StdPeriph_Driver\src\stm32f4xx_usart.o
                                0x6fd (size before relaxing)
 .debug_str     0x00001b18      0x9bf src\main.o
                                0xf47 (size before relaxing)
 .debug_str     0x000024d7       0xa6 src\stm32f4xx_it.o
                                0x25d (size before relaxing)
 .debug_str     0x0000257d       0xe3 src\system_stm32f4xx.o
                                0x3f0 (size before relaxing)
 .debug_str     0x00002660       0xa0 src\tiny_printf.o
                                0x672 (size before relaxing)

.comment        0x00000000       0x7c
 .comment       0x00000000       0x7c Libraries\STM32F4xx_StdPeriph_Driver\src\stm32f4xx_gpio.o
                                 0x7d (size before relaxing)
 .comment       0x0000007c       0x7d Libraries\STM32F4xx_StdPeriph_Driver\src\stm32f4xx_rcc.o
 .comment       0x0000007c       0x7d Libraries\STM32F4xx_StdPeriph_Driver\src\stm32f4xx_tim.o
 .comment       0x0000007c       0x7d Libraries\STM32F4xx_StdPeriph_Driver\src\stm32f4xx_usart.o
 .comment       0x0000007c       0x7d src\main.o
 .comment       0x0000007c       0x7d src\stm32f4xx_it.o
 .comment       0x0000007c       0x7d src\system_stm32f4xx.o
 .comment       0x0000007c       0x7d src\tiny_printf.o

.debug_frame    0x00000000     0x20bc
 .debug_frame   0x00000000      0x23c Libraries\STM32F4xx_StdPeriph_Driver\src\stm32f4xx_gpio.o
 .debug_frame   0x0000023c      0x6fc Libraries\STM32F4xx_StdPeriph_Driver\src\stm32f4xx_rcc.o
 .debug_frame   0x00000938      0xe54 Libraries\STM32F4xx_StdPeriph_Driver\src\stm32f4xx_tim.o
 .debug_frame   0x0000178c      0x490 Libraries\STM32F4xx_StdPeriph_Driver\src\stm32f4xx_usart.o
 .debug_frame   0x00001c1c      0x12c src\main.o
 .debug_frame   0x00001d48      0x110 src\stm32f4xx_it.o
 .debug_frame   0x00001e58       0x7c src\system_stm32f4xx.o
 .debug_frame   0x00001ed4      0x1bc src\tiny_printf.o
 .debug_frame   0x00002090       0x2c c:/program files (x86)/atollic/truestudio for stm32 9.0.0/armtools/bin/../lib/gcc/arm-atollic-eabi/6.3.1/../../../../arm-atollic-eabi/lib/armv7e-m/fpu\libc_nano.a(lib_a-init.o)

.stabstr        0x00000000       0x3f
 .stabstr       0x00000000       0x3f c:/program files (x86)/atollic/truestudio for stm32 9.0.0/armtools/bin/../lib/gcc/arm-atollic-eabi/6.3.1/../../../../arm-atollic-eabi/lib/armv7e-m/fpu\libnosys.a(write.o)

Cross Reference Table

Symbol                                            File
ADC_IRQHandler                                    src\startup_stm32f40xx.o
AHBPrescTable                                     src\system_stm32f4xx.o
BusFault_Handler                                  src\stm32f4xx_it.o
                                                  src\startup_stm32f40xx.o
CAN1_RX0_IRQHandler                               src\startup_stm32f40xx.o
CAN1_RX1_IRQHandler                               src\startup_stm32f40xx.o
CAN1_SCE_IRQHandler                               src\startup_stm32f40xx.o
CAN1_TX_IRQHandler                                src\startup_stm32f40xx.o
CAN2_RX0_IRQHandler                               src\startup_stm32f40xx.o
CAN2_RX1_IRQHandler                               src\startup_stm32f40xx.o
CAN2_SCE_IRQHandler                               src\startup_stm32f40xx.o
CAN2_TX_IRQHandler                                src\startup_stm32f40xx.o
CRYP_IRQHandler                                   src\startup_stm32f40xx.o
DCMI_IRQHandler                                   src\startup_stm32f40xx.o
DMA1_Stream0_IRQHandler                           src\startup_stm32f40xx.o
DMA1_Stream1_IRQHandler                           src\startup_stm32f40xx.o
DMA1_Stream2_IRQHandler                           src\startup_stm32f40xx.o
DMA1_Stream3_IRQHandler                           src\startup_stm32f40xx.o
DMA1_Stream4_IRQHandler                           src\startup_stm32f40xx.o
DMA1_Stream5_IRQHandler                           src\startup_stm32f40xx.o
DMA1_Stream6_IRQHandler                           src\startup_stm32f40xx.o
DMA1_Stream7_IRQHandler                           src\startup_stm32f40xx.o
DMA2_Stream0_IRQHandler                           src\startup_stm32f40xx.o
DMA2_Stream1_IRQHandler                           src\startup_stm32f40xx.o
DMA2_Stream2_IRQHandler                           src\startup_stm32f40xx.o
DMA2_Stream3_IRQHandler                           src\startup_stm32f40xx.o
DMA2_Stream4_IRQHandler                           src\startup_stm32f40xx.o
DMA2_Stream5_IRQHandler                           src\startup_stm32f40xx.o
DMA2_Stream6_IRQHandler                           src\startup_stm32f40xx.o
DMA2_Stream7_IRQHandler                           src\startup_stm32f40xx.o
DebugMon_Handler                                  src\stm32f4xx_it.o
                                                  src\startup_stm32f40xx.o
Default_Handler                                   src\startup_stm32f40xx.o
ETH_IRQHandler                                    src\startup_stm32f40xx.o
ETH_WKUP_IRQHandler                               src\startup_stm32f40xx.o
EXTI0_IRQHandler                                  src\startup_stm32f40xx.o
EXTI15_10_IRQHandler                              src\startup_stm32f40xx.o
EXTI1_IRQHandler                                  src\startup_stm32f40xx.o
EXTI2_IRQHandler                                  src\startup_stm32f40xx.o
EXTI3_IRQHandler                                  src\startup_stm32f40xx.o
EXTI4_IRQHandler                                  src\startup_stm32f40xx.o
EXTI9_5_IRQHandler                                src\startup_stm32f40xx.o
FLASH_IRQHandler                                  src\startup_stm32f40xx.o
FPU_IRQHandler                                    src\startup_stm32f40xx.o
FSMC_IRQHandler                                   src\startup_stm32f40xx.o
GPIO_DeInit                                       Libraries\STM32F4xx_StdPeriph_Driver\src\stm32f4xx_gpio.o
GPIO_Init                                         Libraries\STM32F4xx_StdPeriph_Driver\src\stm32f4xx_gpio.o
                                                  src\main.o
GPIO_PinAFConfig                                  Libraries\STM32F4xx_StdPeriph_Driver\src\stm32f4xx_gpio.o
                                                  src\main.o
GPIO_PinLockConfig                                Libraries\STM32F4xx_StdPeriph_Driver\src\stm32f4xx_gpio.o
GPIO_ReadInputData                                Libraries\STM32F4xx_StdPeriph_Driver\src\stm32f4xx_gpio.o
GPIO_ReadInputDataBit                             Libraries\STM32F4xx_StdPeriph_Driver\src\stm32f4xx_gpio.o
GPIO_ReadOutputData                               Libraries\STM32F4xx_StdPeriph_Driver\src\stm32f4xx_gpio.o
GPIO_ReadOutputDataBit                            Libraries\STM32F4xx_StdPeriph_Driver\src\stm32f4xx_gpio.o
GPIO_ResetBits                                    Libraries\STM32F4xx_StdPeriph_Driver\src\stm32f4xx_gpio.o
GPIO_SetBits                                      Libraries\STM32F4xx_StdPeriph_Driver\src\stm32f4xx_gpio.o
GPIO_StructInit                                   Libraries\STM32F4xx_StdPeriph_Driver\src\stm32f4xx_gpio.o
GPIO_ToggleBits                                   Libraries\STM32F4xx_StdPeriph_Driver\src\stm32f4xx_gpio.o
                                                  src\main.o
GPIO_Write                                        Libraries\STM32F4xx_StdPeriph_Driver\src\stm32f4xx_gpio.o
GPIO_WriteBit                                     Libraries\STM32F4xx_StdPeriph_Driver\src\stm32f4xx_gpio.o
HASH_RNG_IRQHandler                               src\startup_stm32f40xx.o
HardFault_Handler                                 src\stm32f4xx_it.o
                                                  src\startup_stm32f40xx.o
I2C1_ER_IRQHandler                                src\startup_stm32f40xx.o
I2C1_EV_IRQHandler                                src\startup_stm32f40xx.o
I2C2_ER_IRQHandler                                src\startup_stm32f40xx.o
I2C2_EV_IRQHandler                                src\startup_stm32f40xx.o
I2C3_ER_IRQHandler                                src\startup_stm32f40xx.o
I2C3_EV_IRQHandler                                src\startup_stm32f40xx.o
MemManage_Handler                                 src\stm32f4xx_it.o
                                                  src\startup_stm32f40xx.o
NMI_Handler                                       src\stm32f4xx_it.o
                                                  src\startup_stm32f40xx.o
NVIC_Init                                         Libraries\STM32F4xx_StdPeriph_Driver\src\misc.o
NVIC_PriorityGroupConfig                          Libraries\STM32F4xx_StdPeriph_Driver\src\misc.o
NVIC_SetVectorTable                               Libraries\STM32F4xx_StdPeriph_Driver\src\misc.o
NVIC_SystemLPConfig                               Libraries\STM32F4xx_StdPeriph_Driver\src\misc.o
OTG_FS_IRQHandler                                 src\startup_stm32f40xx.o
OTG_FS_WKUP_IRQHandler                            src\startup_stm32f40xx.o
OTG_HS_EP1_IN_IRQHandler                          src\startup_stm32f40xx.o
OTG_HS_EP1_OUT_IRQHandler                         src\startup_stm32f40xx.o
OTG_HS_IRQHandler                                 src\startup_stm32f40xx.o
OTG_HS_WKUP_IRQHandler                            src\startup_stm32f40xx.o
PVD_IRQHandler                                    src\startup_stm32f40xx.o
PendSV_Handler                                    src\stm32f4xx_it.o
                                                  src\startup_stm32f40xx.o
RCC_AHB1PeriphClockCmd                            Libraries\STM32F4xx_StdPeriph_Driver\src\stm32f4xx_rcc.o
                                                  src\main.o
RCC_AHB1PeriphClockLPModeCmd                      Libraries\STM32F4xx_StdPeriph_Driver\src\stm32f4xx_rcc.o
RCC_AHB1PeriphResetCmd                            Libraries\STM32F4xx_StdPeriph_Driver\src\stm32f4xx_rcc.o
                                                  Libraries\STM32F4xx_StdPeriph_Driver\src\stm32f4xx_gpio.o
RCC_AHB2PeriphClockCmd                            Libraries\STM32F4xx_StdPeriph_Driver\src\stm32f4xx_rcc.o
RCC_AHB2PeriphClockLPModeCmd                      Libraries\STM32F4xx_StdPeriph_Driver\src\stm32f4xx_rcc.o
RCC_AHB2PeriphResetCmd                            Libraries\STM32F4xx_StdPeriph_Driver\src\stm32f4xx_rcc.o
RCC_AHB3PeriphClockCmd                            Libraries\STM32F4xx_StdPeriph_Driver\src\stm32f4xx_rcc.o
RCC_AHB3PeriphClockLPModeCmd                      Libraries\STM32F4xx_StdPeriph_Driver\src\stm32f4xx_rcc.o
RCC_AHB3PeriphResetCmd                            Libraries\STM32F4xx_StdPeriph_Driver\src\stm32f4xx_rcc.o
RCC_APB1PeriphClockCmd                            Libraries\STM32F4xx_StdPeriph_Driver\src\stm32f4xx_rcc.o
                                                  src\main.o
RCC_APB1PeriphClockLPModeCmd                      Libraries\STM32F4xx_StdPeriph_Driver\src\stm32f4xx_rcc.o
RCC_APB1PeriphResetCmd                            Libraries\STM32F4xx_StdPeriph_Driver\src\stm32f4xx_rcc.o
                                                  Libraries\STM32F4xx_StdPeriph_Driver\src\stm32f4xx_usart.o
                                                  Libraries\STM32F4xx_StdPeriph_Driver\src\stm32f4xx_tim.o
RCC_APB2PeriphClockCmd                            Libraries\STM32F4xx_StdPeriph_Driver\src\stm32f4xx_rcc.o
                                                  src\main.o
RCC_APB2PeriphClockLPModeCmd                      Libraries\STM32F4xx_StdPeriph_Driver\src\stm32f4xx_rcc.o
RCC_APB2PeriphResetCmd                            Libraries\STM32F4xx_StdPeriph_Driver\src\stm32f4xx_rcc.o
                                                  Libraries\STM32F4xx_StdPeriph_Driver\src\stm32f4xx_usart.o
                                                  Libraries\STM32F4xx_StdPeriph_Driver\src\stm32f4xx_tim.o
RCC_AdjustHSICalibrationValue                     Libraries\STM32F4xx_StdPeriph_Driver\src\stm32f4xx_rcc.o
RCC_BackupResetCmd                                Libraries\STM32F4xx_StdPeriph_Driver\src\stm32f4xx_rcc.o
RCC_ClearFlag                                     Libraries\STM32F4xx_StdPeriph_Driver\src\stm32f4xx_rcc.o
RCC_ClearITPendingBit                             Libraries\STM32F4xx_StdPeriph_Driver\src\stm32f4xx_rcc.o
RCC_ClockSecuritySystemCmd                        Libraries\STM32F4xx_StdPeriph_Driver\src\stm32f4xx_rcc.o
RCC_DeInit                                        Libraries\STM32F4xx_StdPeriph_Driver\src\stm32f4xx_rcc.o
RCC_GetClocksFreq                                 Libraries\STM32F4xx_StdPeriph_Driver\src\stm32f4xx_rcc.o
                                                  Libraries\STM32F4xx_StdPeriph_Driver\src\stm32f4xx_usart.o
RCC_GetFlagStatus                                 Libraries\STM32F4xx_StdPeriph_Driver\src\stm32f4xx_rcc.o
RCC_GetITStatus                                   Libraries\STM32F4xx_StdPeriph_Driver\src\stm32f4xx_rcc.o
RCC_GetSYSCLKSource                               Libraries\STM32F4xx_StdPeriph_Driver\src\stm32f4xx_rcc.o
RCC_HCLKConfig                                    Libraries\STM32F4xx_StdPeriph_Driver\src\stm32f4xx_rcc.o
RCC_HSEConfig                                     Libraries\STM32F4xx_StdPeriph_Driver\src\stm32f4xx_rcc.o
RCC_HSICmd                                        Libraries\STM32F4xx_StdPeriph_Driver\src\stm32f4xx_rcc.o
RCC_I2SCLKConfig                                  Libraries\STM32F4xx_StdPeriph_Driver\src\stm32f4xx_rcc.o
RCC_IRQHandler                                    src\startup_stm32f40xx.o
RCC_ITConfig                                      Libraries\STM32F4xx_StdPeriph_Driver\src\stm32f4xx_rcc.o
RCC_LSEConfig                                     Libraries\STM32F4xx_StdPeriph_Driver\src\stm32f4xx_rcc.o
RCC_LSICmd                                        Libraries\STM32F4xx_StdPeriph_Driver\src\stm32f4xx_rcc.o
RCC_MCO1Config                                    Libraries\STM32F4xx_StdPeriph_Driver\src\stm32f4xx_rcc.o
RCC_MCO2Config                                    Libraries\STM32F4xx_StdPeriph_Driver\src\stm32f4xx_rcc.o
RCC_PCLK1Config                                   Libraries\STM32F4xx_StdPeriph_Driver\src\stm32f4xx_rcc.o
RCC_PCLK2Config                                   Libraries\STM32F4xx_StdPeriph_Driver\src\stm32f4xx_rcc.o
RCC_PLLCmd                                        Libraries\STM32F4xx_StdPeriph_Driver\src\stm32f4xx_rcc.o
RCC_PLLConfig                                     Libraries\STM32F4xx_StdPeriph_Driver\src\stm32f4xx_rcc.o
RCC_PLLI2SCmd                                     Libraries\STM32F4xx_StdPeriph_Driver\src\stm32f4xx_rcc.o
RCC_PLLI2SConfig                                  Libraries\STM32F4xx_StdPeriph_Driver\src\stm32f4xx_rcc.o
RCC_RTCCLKCmd                                     Libraries\STM32F4xx_StdPeriph_Driver\src\stm32f4xx_rcc.o
RCC_RTCCLKConfig                                  Libraries\STM32F4xx_StdPeriph_Driver\src\stm32f4xx_rcc.o
RCC_SYSCLKConfig                                  Libraries\STM32F4xx_StdPeriph_Driver\src\stm32f4xx_rcc.o
RCC_TIMCLKPresConfig                              Libraries\STM32F4xx_StdPeriph_Driver\src\stm32f4xx_rcc.o
RCC_WaitForHSEStartUp                             Libraries\STM32F4xx_StdPeriph_Driver\src\stm32f4xx_rcc.o
RTC_Alarm_IRQHandler                              src\startup_stm32f40xx.o
RTC_WKUP_IRQHandler                               src\startup_stm32f40xx.o
Reset_Handler                                     src\startup_stm32f40xx.o
SDIO_IRQHandler                                   src\startup_stm32f40xx.o
SPI1_IRQHandler                                   src\startup_stm32f40xx.o
SPI2_IRQHandler                                   src\startup_stm32f40xx.o
SPI3_IRQHandler                                   src\startup_stm32f40xx.o
SVC_Handler                                       src\stm32f4xx_it.o
                                                  src\startup_stm32f40xx.o
SysTick_CLKSourceConfig                           Libraries\STM32F4xx_StdPeriph_Driver\src\misc.o
SysTick_Handler                                   src\stm32f4xx_it.o
                                                  src\startup_stm32f40xx.o
SystemCoreClock                                   src\system_stm32f4xx.o
SystemCoreClockUpdate                             src\system_stm32f4xx.o
SystemInit                                        src\system_stm32f4xx.o
                                                  src\startup_stm32f40xx.o
                                                  src\main.o
TAMP_STAMP_IRQHandler                             src\startup_stm32f40xx.o
TIM1_BRK_TIM9_IRQHandler                          src\startup_stm32f40xx.o
TIM1_CC_IRQHandler                                src\startup_stm32f40xx.o
TIM1_TRG_COM_TIM11_IRQHandler                     src\startup_stm32f40xx.o
TIM1_UP_TIM10_IRQHandler                          src\main.o
TIM2_IRQHandler                                   src\startup_stm32f40xx.o
TIM3_IRQHandler                                   src\startup_stm32f40xx.o
TIM4_IRQHandler                                   src\startup_stm32f40xx.o
TIM5_IRQHandler                                   src\startup_stm32f40xx.o
TIM6_DAC_IRQHandler                               src\startup_stm32f40xx.o
TIM7_IRQHandler                                   src\startup_stm32f40xx.o
TIM8_BRK_TIM12_IRQHandler                         src\startup_stm32f40xx.o
TIM8_CC_IRQHandler                                src\startup_stm32f40xx.o
TIM8_TRG_COM_TIM14_IRQHandler                     src\startup_stm32f40xx.o
TIM8_UP_TIM13_IRQHandler                          src\startup_stm32f40xx.o
TIM_ARRPreloadConfig                              Libraries\STM32F4xx_StdPeriph_Driver\src\stm32f4xx_tim.o
TIM_BDTRConfig                                    Libraries\STM32F4xx_StdPeriph_Driver\src\stm32f4xx_tim.o
TIM_BDTRStructInit                                Libraries\STM32F4xx_StdPeriph_Driver\src\stm32f4xx_tim.o
TIM_CCPreloadControl                              Libraries\STM32F4xx_StdPeriph_Driver\src\stm32f4xx_tim.o
TIM_CCxCmd                                        Libraries\STM32F4xx_StdPeriph_Driver\src\stm32f4xx_tim.o
TIM_CCxNCmd                                       Libraries\STM32F4xx_StdPeriph_Driver\src\stm32f4xx_tim.o
TIM_ClearFlag                                     Libraries\STM32F4xx_StdPeriph_Driver\src\stm32f4xx_tim.o
TIM_ClearITPendingBit                             Libraries\STM32F4xx_StdPeriph_Driver\src\stm32f4xx_tim.o
                                                  src\main.o
TIM_ClearOC1Ref                                   Libraries\STM32F4xx_StdPeriph_Driver\src\stm32f4xx_tim.o
TIM_ClearOC2Ref                                   Libraries\STM32F4xx_StdPeriph_Driver\src\stm32f4xx_tim.o
TIM_ClearOC3Ref                                   Libraries\STM32F4xx_StdPeriph_Driver\src\stm32f4xx_tim.o
TIM_ClearOC4Ref                                   Libraries\STM32F4xx_StdPeriph_Driver\src\stm32f4xx_tim.o
TIM_Cmd                                           Libraries\STM32F4xx_StdPeriph_Driver\src\stm32f4xx_tim.o
                                                  src\main.o
TIM_CounterModeConfig                             Libraries\STM32F4xx_StdPeriph_Driver\src\stm32f4xx_tim.o
TIM_CtrlPWMOutputs                                Libraries\STM32F4xx_StdPeriph_Driver\src\stm32f4xx_tim.o
TIM_DMACmd                                        Libraries\STM32F4xx_StdPeriph_Driver\src\stm32f4xx_tim.o
TIM_DMAConfig                                     Libraries\STM32F4xx_StdPeriph_Driver\src\stm32f4xx_tim.o
TIM_DeInit                                        Libraries\STM32F4xx_StdPeriph_Driver\src\stm32f4xx_tim.o
TIM_ETRClockMode1Config                           Libraries\STM32F4xx_StdPeriph_Driver\src\stm32f4xx_tim.o
TIM_ETRClockMode2Config                           Libraries\STM32F4xx_StdPeriph_Driver\src\stm32f4xx_tim.o
TIM_ETRConfig                                     Libraries\STM32F4xx_StdPeriph_Driver\src\stm32f4xx_tim.o
TIM_EncoderInterfaceConfig                        Libraries\STM32F4xx_StdPeriph_Driver\src\stm32f4xx_tim.o
TIM_ForcedOC1Config                               Libraries\STM32F4xx_StdPeriph_Driver\src\stm32f4xx_tim.o
TIM_ForcedOC2Config                               Libraries\STM32F4xx_StdPeriph_Driver\src\stm32f4xx_tim.o
TIM_ForcedOC3Config                               Libraries\STM32F4xx_StdPeriph_Driver\src\stm32f4xx_tim.o
TIM_ForcedOC4Config                               Libraries\STM32F4xx_StdPeriph_Driver\src\stm32f4xx_tim.o
TIM_GenerateEvent                                 Libraries\STM32F4xx_StdPeriph_Driver\src\stm32f4xx_tim.o
TIM_GetCapture1                                   Libraries\STM32F4xx_StdPeriph_Driver\src\stm32f4xx_tim.o
TIM_GetCapture2                                   Libraries\STM32F4xx_StdPeriph_Driver\src\stm32f4xx_tim.o
TIM_GetCapture3                                   Libraries\STM32F4xx_StdPeriph_Driver\src\stm32f4xx_tim.o
TIM_GetCapture4                                   Libraries\STM32F4xx_StdPeriph_Driver\src\stm32f4xx_tim.o
TIM_GetCounter                                    Libraries\STM32F4xx_StdPeriph_Driver\src\stm32f4xx_tim.o
TIM_GetFlagStatus                                 Libraries\STM32F4xx_StdPeriph_Driver\src\stm32f4xx_tim.o
TIM_GetITStatus                                   Libraries\STM32F4xx_StdPeriph_Driver\src\stm32f4xx_tim.o
TIM_GetPrescaler                                  Libraries\STM32F4xx_StdPeriph_Driver\src\stm32f4xx_tim.o
TIM_ICInit                                        Libraries\STM32F4xx_StdPeriph_Driver\src\stm32f4xx_tim.o
TIM_ICStructInit                                  Libraries\STM32F4xx_StdPeriph_Driver\src\stm32f4xx_tim.o
TIM_ITConfig                                      Libraries\STM32F4xx_StdPeriph_Driver\src\stm32f4xx_tim.o
                                                  src\main.o
TIM_ITRxExternalClockConfig                       Libraries\STM32F4xx_StdPeriph_Driver\src\stm32f4xx_tim.o
TIM_InternalClockConfig                           Libraries\STM32F4xx_StdPeriph_Driver\src\stm32f4xx_tim.o
TIM_OC1FastConfig                                 Libraries\STM32F4xx_StdPeriph_Driver\src\stm32f4xx_tim.o
TIM_OC1Init                                       Libraries\STM32F4xx_StdPeriph_Driver\src\stm32f4xx_tim.o
TIM_OC1NPolarityConfig                            Libraries\STM32F4xx_StdPeriph_Driver\src\stm32f4xx_tim.o
TIM_OC1PolarityConfig                             Libraries\STM32F4xx_StdPeriph_Driver\src\stm32f4xx_tim.o
TIM_OC1PreloadConfig                              Libraries\STM32F4xx_StdPeriph_Driver\src\stm32f4xx_tim.o
TIM_OC2FastConfig                                 Libraries\STM32F4xx_StdPeriph_Driver\src\stm32f4xx_tim.o
TIM_OC2Init                                       Libraries\STM32F4xx_StdPeriph_Driver\src\stm32f4xx_tim.o
TIM_OC2NPolarityConfig                            Libraries\STM32F4xx_StdPeriph_Driver\src\stm32f4xx_tim.o
TIM_OC2PolarityConfig                             Libraries\STM32F4xx_StdPeriph_Driver\src\stm32f4xx_tim.o
TIM_OC2PreloadConfig                              Libraries\STM32F4xx_StdPeriph_Driver\src\stm32f4xx_tim.o
TIM_OC3FastConfig                                 Libraries\STM32F4xx_StdPeriph_Driver\src\stm32f4xx_tim.o
TIM_OC3Init                                       Libraries\STM32F4xx_StdPeriph_Driver\src\stm32f4xx_tim.o
TIM_OC3NPolarityConfig                            Libraries\STM32F4xx_StdPeriph_Driver\src\stm32f4xx_tim.o
TIM_OC3PolarityConfig                             Libraries\STM32F4xx_StdPeriph_Driver\src\stm32f4xx_tim.o
TIM_OC3PreloadConfig                              Libraries\STM32F4xx_StdPeriph_Driver\src\stm32f4xx_tim.o
TIM_OC4FastConfig                                 Libraries\STM32F4xx_StdPeriph_Driver\src\stm32f4xx_tim.o
TIM_OC4Init                                       Libraries\STM32F4xx_StdPeriph_Driver\src\stm32f4xx_tim.o
TIM_OC4PolarityConfig                             Libraries\STM32F4xx_StdPeriph_Driver\src\stm32f4xx_tim.o
TIM_OC4PreloadConfig                              Libraries\STM32F4xx_StdPeriph_Driver\src\stm32f4xx_tim.o
TIM_OCStructInit                                  Libraries\STM32F4xx_StdPeriph_Driver\src\stm32f4xx_tim.o
TIM_PWMIConfig                                    Libraries\STM32F4xx_StdPeriph_Driver\src\stm32f4xx_tim.o
TIM_PrescalerConfig                               Libraries\STM32F4xx_StdPeriph_Driver\src\stm32f4xx_tim.o
TIM_RemapConfig                                   Libraries\STM32F4xx_StdPeriph_Driver\src\stm32f4xx_tim.o
TIM_SelectCCDMA                                   Libraries\STM32F4xx_StdPeriph_Driver\src\stm32f4xx_tim.o
TIM_SelectCOM                                     Libraries\STM32F4xx_StdPeriph_Driver\src\stm32f4xx_tim.o
TIM_SelectHallSensor                              Libraries\STM32F4xx_StdPeriph_Driver\src\stm32f4xx_tim.o
TIM_SelectInputTrigger                            Libraries\STM32F4xx_StdPeriph_Driver\src\stm32f4xx_tim.o
TIM_SelectMasterSlaveMode                         Libraries\STM32F4xx_StdPeriph_Driver\src\stm32f4xx_tim.o
TIM_SelectOCxM                                    Libraries\STM32F4xx_StdPeriph_Driver\src\stm32f4xx_tim.o
TIM_SelectOnePulseMode                            Libraries\STM32F4xx_StdPeriph_Driver\src\stm32f4xx_tim.o
TIM_SelectOutputTrigger                           Libraries\STM32F4xx_StdPeriph_Driver\src\stm32f4xx_tim.o
TIM_SelectSlaveMode                               Libraries\STM32F4xx_StdPeriph_Driver\src\stm32f4xx_tim.o
TIM_SetAutoreload                                 Libraries\STM32F4xx_StdPeriph_Driver\src\stm32f4xx_tim.o
TIM_SetClockDivision                              Libraries\STM32F4xx_StdPeriph_Driver\src\stm32f4xx_tim.o
TIM_SetCompare1                                   Libraries\STM32F4xx_StdPeriph_Driver\src\stm32f4xx_tim.o
TIM_SetCompare2                                   Libraries\STM32F4xx_StdPeriph_Driver\src\stm32f4xx_tim.o
TIM_SetCompare3                                   Libraries\STM32F4xx_StdPeriph_Driver\src\stm32f4xx_tim.o
TIM_SetCompare4                                   Libraries\STM32F4xx_StdPeriph_Driver\src\stm32f4xx_tim.o
TIM_SetCounter                                    Libraries\STM32F4xx_StdPeriph_Driver\src\stm32f4xx_tim.o
TIM_SetIC1Prescaler                               Libraries\STM32F4xx_StdPeriph_Driver\src\stm32f4xx_tim.o
TIM_SetIC2Prescaler                               Libraries\STM32F4xx_StdPeriph_Driver\src\stm32f4xx_tim.o
TIM_SetIC3Prescaler                               Libraries\STM32F4xx_StdPeriph_Driver\src\stm32f4xx_tim.o
TIM_SetIC4Prescaler                               Libraries\STM32F4xx_StdPeriph_Driver\src\stm32f4xx_tim.o
TIM_TIxExternalClockConfig                        Libraries\STM32F4xx_StdPeriph_Driver\src\stm32f4xx_tim.o
TIM_TimeBaseInit                                  Libraries\STM32F4xx_StdPeriph_Driver\src\stm32f4xx_tim.o
                                                  src\main.o
TIM_TimeBaseStructInit                            Libraries\STM32F4xx_StdPeriph_Driver\src\stm32f4xx_tim.o
TIM_UpdateDisableConfig                           Libraries\STM32F4xx_StdPeriph_Driver\src\stm32f4xx_tim.o
TIM_UpdateRequestConfig                           Libraries\STM32F4xx_StdPeriph_Driver\src\stm32f4xx_tim.o
UART4_IRQHandler                                  src\startup_stm32f40xx.o
UART5_IRQHandler                                  src\startup_stm32f40xx.o
USART1_IRQHandler                                 src\startup_stm32f40xx.o
USART2_IRQHandler                                 src\startup_stm32f40xx.o
USART3_IRQHandler                                 src\startup_stm32f40xx.o
USART6_IRQHandler                                 src\startup_stm32f40xx.o
USART_ClearFlag                                   Libraries\STM32F4xx_StdPeriph_Driver\src\stm32f4xx_usart.o
USART_ClearITPendingBit                           Libraries\STM32F4xx_StdPeriph_Driver\src\stm32f4xx_usart.o
USART_ClockInit                                   Libraries\STM32F4xx_StdPeriph_Driver\src\stm32f4xx_usart.o
USART_ClockStructInit                             Libraries\STM32F4xx_StdPeriph_Driver\src\stm32f4xx_usart.o
USART_Cmd                                         Libraries\STM32F4xx_StdPeriph_Driver\src\stm32f4xx_usart.o
                                                  src\main.o
USART_DMACmd                                      Libraries\STM32F4xx_StdPeriph_Driver\src\stm32f4xx_usart.o
USART_DeInit                                      Libraries\STM32F4xx_StdPeriph_Driver\src\stm32f4xx_usart.o
USART_GetFlagStatus                               Libraries\STM32F4xx_StdPeriph_Driver\src\stm32f4xx_usart.o
USART_GetITStatus                                 Libraries\STM32F4xx_StdPeriph_Driver\src\stm32f4xx_usart.o
USART_HalfDuplexCmd                               Libraries\STM32F4xx_StdPeriph_Driver\src\stm32f4xx_usart.o
USART_ITConfig                                    Libraries\STM32F4xx_StdPeriph_Driver\src\stm32f4xx_usart.o
USART_Init                                        Libraries\STM32F4xx_StdPeriph_Driver\src\stm32f4xx_usart.o
                                                  src\main.o
USART_IrDACmd                                     Libraries\STM32F4xx_StdPeriph_Driver\src\stm32f4xx_usart.o
USART_IrDAConfig                                  Libraries\STM32F4xx_StdPeriph_Driver\src\stm32f4xx_usart.o
USART_LINBreakDetectLengthConfig                  Libraries\STM32F4xx_StdPeriph_Driver\src\stm32f4xx_usart.o
USART_LINCmd                                      Libraries\STM32F4xx_StdPeriph_Driver\src\stm32f4xx_usart.o
USART_OneBitMethodCmd                             Libraries\STM32F4xx_StdPeriph_Driver\src\stm32f4xx_usart.o
USART_OverSampling8Cmd                            Libraries\STM32F4xx_StdPeriph_Driver\src\stm32f4xx_usart.o
USART_ReceiveData                                 Libraries\STM32F4xx_StdPeriph_Driver\src\stm32f4xx_usart.o
USART_ReceiverWakeUpCmd                           Libraries\STM32F4xx_StdPeriph_Driver\src\stm32f4xx_usart.o
USART_SendBreak                                   Libraries\STM32F4xx_StdPeriph_Driver\src\stm32f4xx_usart.o
USART_SendData                                    Libraries\STM32F4xx_StdPeriph_Driver\src\stm32f4xx_usart.o
                                                  src\main.o
USART_SetAddress                                  Libraries\STM32F4xx_StdPeriph_Driver\src\stm32f4xx_usart.o
USART_SetGuardTime                                Libraries\STM32F4xx_StdPeriph_Driver\src\stm32f4xx_usart.o
USART_SetPrescaler                                Libraries\STM32F4xx_StdPeriph_Driver\src\stm32f4xx_usart.o
USART_SmartCardCmd                                Libraries\STM32F4xx_StdPeriph_Driver\src\stm32f4xx_usart.o
USART_SmartCardNACKCmd                            Libraries\STM32F4xx_StdPeriph_Driver\src\stm32f4xx_usart.o
USART_StructInit                                  Libraries\STM32F4xx_StdPeriph_Driver\src\stm32f4xx_usart.o
USART_WakeUpConfig                                Libraries\STM32F4xx_StdPeriph_Driver\src\stm32f4xx_usart.o
UsageFault_Handler                                src\stm32f4xx_it.o
                                                  src\startup_stm32f40xx.o
WWDG_IRQHandler                                   src\startup_stm32f40xx.o
__deregister_frame_info                           c:/program files (x86)/atollic/truestudio for stm32 9.0.0/armtools/bin/../lib/gcc/arm-atollic-eabi/6.3.1/armv7e-m/fpu/crtbegin.o
__dso_handle                                      c:/program files (x86)/atollic/truestudio for stm32 9.0.0/armtools/bin/../lib/gcc/arm-atollic-eabi/6.3.1/armv7e-m/fpu/crtbegin.o
__init_array_end                                  c:/program files (x86)/atollic/truestudio for stm32 9.0.0/armtools/bin/../lib/gcc/arm-atollic-eabi/6.3.1/../../../../arm-atollic-eabi/lib/armv7e-m/fpu\libc_nano.a(lib_a-init.o)
__init_array_start                                c:/program files (x86)/atollic/truestudio for stm32 9.0.0/armtools/bin/../lib/gcc/arm-atollic-eabi/6.3.1/../../../../arm-atollic-eabi/lib/armv7e-m/fpu\libc_nano.a(lib_a-init.o)
__libc_init_array                                 c:/program files (x86)/atollic/truestudio for stm32 9.0.0/armtools/bin/../lib/gcc/arm-atollic-eabi/6.3.1/../../../../arm-atollic-eabi/lib/armv7e-m/fpu\libc_nano.a(lib_a-init.o)
                                                  src\startup_stm32f40xx.o
__preinit_array_end                               c:/program files (x86)/atollic/truestudio for stm32 9.0.0/armtools/bin/../lib/gcc/arm-atollic-eabi/6.3.1/../../../../arm-atollic-eabi/lib/armv7e-m/fpu\libc_nano.a(lib_a-init.o)
__preinit_array_start                             c:/program files (x86)/atollic/truestudio for stm32 9.0.0/armtools/bin/../lib/gcc/arm-atollic-eabi/6.3.1/../../../../arm-atollic-eabi/lib/armv7e-m/fpu\libc_nano.a(lib_a-init.o)
__register_frame_info                             c:/program files (x86)/atollic/truestudio for stm32 9.0.0/armtools/bin/../lib/gcc/arm-atollic-eabi/6.3.1/armv7e-m/fpu/crtbegin.o
_ebss                                             src\startup_stm32f40xx.o
_edata                                            src\startup_stm32f40xx.o
_estack                                           src\startup_stm32f40xx.o
_fini                                             c:/program files (x86)/atollic/truestudio for stm32 9.0.0/armtools/bin/../lib/gcc/arm-atollic-eabi/6.3.1/armv7e-m/fpu/crti.o
_init                                             c:/program files (x86)/atollic/truestudio for stm32 9.0.0/armtools/bin/../lib/gcc/arm-atollic-eabi/6.3.1/armv7e-m/fpu/crti.o
                                                  c:/program files (x86)/atollic/truestudio for stm32 9.0.0/armtools/bin/../lib/gcc/arm-atollic-eabi/6.3.1/../../../../arm-atollic-eabi/lib/armv7e-m/fpu\libc_nano.a(lib_a-init.o)
_sbss                                             src\startup_stm32f40xx.o
_sdata                                            src\startup_stm32f40xx.o
_sidata                                           src\startup_stm32f40xx.o
_write                                            c:/program files (x86)/atollic/truestudio for stm32 9.0.0/armtools/bin/../lib/gcc/arm-atollic-eabi/6.3.1/../../../../arm-atollic-eabi/lib/armv7e-m/fpu\libnosys.a(write.o)
                                                  src\tiny_printf.o
couChar                                           src\main.o
count                                             src\main.o
errno                                             c:/program files (x86)/atollic/truestudio for stm32 9.0.0/armtools/bin/../lib/gcc/arm-atollic-eabi/6.3.1/../../../../arm-atollic-eabi/lib/armv7e-m/fpu\libnosys.a(errno.o)
                                                  c:/program files (x86)/atollic/truestudio for stm32 9.0.0/armtools/bin/../lib/gcc/arm-atollic-eabi/6.3.1/../../../../arm-atollic-eabi/lib/armv7e-m/fpu\libnosys.a(write.o)
fiprintf                                          src\tiny_printf.o
fprintf                                           src\tiny_printf.o
fputs                                             src\tiny_printf.o
fwrite                                            src\tiny_printf.o
g_pfnVectors                                      src\startup_stm32f40xx.o
initLED                                           src\main.o
initPinsUSART                                     src\main.o
initTIM10                                         src\main.o
initUSART                                         src\main.o
iprintf                                           src\tiny_printf.o
main                                              src\main.o
                                                  src\startup_stm32f40xx.o
printf                                            src\tiny_printf.o
puts                                              src\tiny_printf.o
sendUSART                                         src\main.o
siprintf                                          src\tiny_printf.o
sprintf                                           src\tiny_printf.o
                                                  src\main.o
strlen                                            c:/program files (x86)/atollic/truestudio for stm32 9.0.0/armtools/bin/../lib/gcc/arm-atollic-eabi/6.3.1/../../../../arm-atollic-eabi/lib/armv7e-m/fpu\libc_nano.a(lib_a-strlen.o)
                                                  src\tiny_printf.o
ts_formatlength                                   src\tiny_printf.o
ts_formatstring                                   src\tiny_printf.o
ts_itoa                                           src\tiny_printf.o
